2026-06-04 19:20:45,371 - MintNTE - INFO - ============================================================
2026-06-04 19:20:45,372 - MintNTE - INFO - 📋 日志策略：本文件每天午夜自动切片，最多保留最近 7 天的日志，旧日志将自动删除。
2026-06-04 19:20:45,372 - MintNTE - INFO - ============================================================
2026-06-04 19:20:46,413 - MintNTE - INFO - 锁定窗口: 异环   (句柄: 15732824)
2026-06-04 19:20:47,407 - MintNTE - INFO - 已注册热键: fishing -> f1
2026-06-04 19:20:47,407 - MintNTE - INFO - 已注册热键: task -> alt+f2
2026-06-04 19:20:47,407 - MintNTE - INFO - 功能 macro 未设置快捷键，跳过注册
2026-06-04 19:20:47,407 - MintNTE - INFO - 功能 fortissimo 未设置快捷键，跳过注册
2026-06-04 19:20:47,407 - MintNTE - INFO - 功能 driving 未设置快捷键，跳过注册
2026-06-04 19:20:47,424 - MintNTE - INFO - 主窗口初始化完成
2026-06-04 19:20:47,787 - MintNTE - INFO - 程序启动完成
2026-06-04 19:20:52,841 - MintNTE - INFO - 黑暗赛车线程启动
2026-06-04 19:20:52,843 - MintNTE - INFO - 黑暗赛车已启动
2026-06-04 19:20:52,843 - MintNTE - INFO - 查找活动入口...
2026-06-04 19:20:52,910 - MintNTE - INFO - 未找到活动入口，按ESC
2026-06-04 19:20:54,571 - MintNTE - INFO - 找到活动入口，按F4
2026-06-04 19:20:58,026 - MintNTE - INFO - 进入比赛界面...
2026-06-04 19:23:20,184 - MintNTE - INFO - ============================================================
2026-06-04 19:23:20,187 - MintNTE - INFO - 📋 日志策略：本文件每天午夜自动切片，最多保留最近 7 天的日志，旧日志将自动删除。
2026-06-04 19:23:20,188 - MintNTE - INFO - ============================================================
2026-06-04 19:23:21,752 - MintNTE - INFO - 锁定窗口: 异环   (句柄: 15732824)
2026-06-04 19:23:23,021 - MintNTE - INFO - 已注册热键: fishing -> f1
2026-06-04 19:23:23,021 - MintNTE - INFO - 已注册热键: task -> alt+f2
2026-06-04 19:23:23,021 - MintNTE - INFO - 功能 macro 未设置快捷键，跳过注册
2026-06-04 19:23:23,021 - MintNTE - INFO - 功能 fortissimo 未设置快捷键，跳过注册
2026-06-04 19:23:23,022 - MintNTE - INFO - 功能 driving 未设置快捷键，跳过注册
2026-06-04 19:23:23,039 - MintNTE - INFO - 主窗口初始化完成
2026-06-04 19:23:23,262 - MintNTE - INFO - 程序启动完成
2026-06-04 19:23:46,874 - MintNTE - INFO - 黑暗赛车线程启动
2026-06-04 19:23:46,875 - MintNTE - INFO - 黑暗赛车已启动
2026-06-04 19:23:46,875 - MintNTE - INFO - 查找活动入口...
2026-06-04 19:23:47,005 - MintNTE - INFO - 未找到活动入口，按ESC
2026-06-04 19:23:48,610 - MintNTE - INFO - 找到活动入口，按F4
2026-06-04 19:23:52,077 - MintNTE - INFO - 进入比赛界面...
