2026-05-18 02:49:19,598 [INFO] ============================================================
2026-05-18 02:49:19,599 [INFO] 📋 日志策略：本文件每天午夜自动切片，最多保留最近 7 天的日志，旧日志将自动删除。
2026-05-18 02:49:19,599 [INFO] ============================================================
2026-05-18 02:49:20,325 [INFO] 锁定窗口: 异环   (句柄: 1903656)
2026-05-18 02:49:21,724 [INFO] 功能 macro 未设置快捷键，跳过注册
2026-05-18 02:49:21,725 [INFO] 功能 fortissimo 未设置快捷键，跳过注册
2026-05-18 02:49:21,725 [INFO] 功能 driving 未设置快捷键，跳过注册
2026-05-18 02:49:21,740 [INFO] 主窗口初始化完成
2026-05-18 02:49:22,204 [INFO] 程序启动完成
2026-05-18 02:49:23,524 [ERROR] 检查插件更新失败: HTTPSConnectionPool(host='api.github.com', port=443): Max retries exceeded with url: /repos/daoqi/MintNTE/releases/latest (Caused by SSLError(SSLCertVerificationError(1, '[SSL: CERTIFICATE_VERIFY_FAILED] certificate verify failed: unable to get local issuer certificate (_ssl.c:1007)')))
2026-05-18 02:49:51,867 [INFO] 热键触发: fishing
2026-05-18 02:49:51,868 [INFO] 钓鱼已开始
2026-05-18 02:49:51,871 [INFO] 开始循环钓鱼
2026-05-18 02:49:51,871 [INFO] 开始监测图像...
2026-05-18 02:49:51,950 [INFO] 当前在钓鱼界面全速后台钓鱼
2026-05-18 02:49:52,024 [INFO] 检测到鱼钩，开始持续按F
2026-05-18 02:49:56,958 [INFO] 热键触发: fishing
2026-05-18 02:49:56,992 [INFO] 启动跟随
2026-05-18 02:49:57,001 [INFO] 等待结果...
2026-05-18 02:49:57,083 [INFO] 未知状态，退出本次钓鱼
2026-05-18 02:49:57,084 [INFO] 结束，共钓鱼 0 条 (A:0 B:0 S:0)
2026-05-18 02:49:57,084 [INFO] 钓鱼已停止
2026-05-18 02:50:01,264 [INFO] 热键触发: fishing
2026-05-18 02:50:01,266 [INFO] 钓鱼已开始
2026-05-18 02:50:01,267 [INFO] 开始循环钓鱼
2026-05-18 02:50:01,267 [INFO] 开始监测图像...
2026-05-18 02:50:04,275 [INFO] 监测中...
2026-05-18 02:50:04,311 [INFO] 热键触发: fishing
2026-05-18 02:50:04,366 [INFO] 启动跟随
2026-05-18 02:50:04,366 [INFO] 跟随功能已关闭
2026-05-18 02:50:04,366 [ERROR] 跟随启动失败，放弃本次钓鱼
2026-05-18 02:50:04,367 [INFO] 结束，共钓鱼 0 条 (A:0 B:0 S:0)
2026-05-18 02:50:04,367 [INFO] 钓鱼已停止
2026-05-18 02:50:09,845 [INFO] 热键触发: fishing
2026-05-18 02:50:09,846 [INFO] 钓鱼已开始
2026-05-18 02:50:09,847 [INFO] 开始循环钓鱼
2026-05-18 02:50:09,847 [INFO] 开始监测图像...
2026-05-18 02:50:12,859 [INFO] 监测中...
2026-05-18 02:50:14,864 [ERROR] 逻辑异常: capture_window_to_cv() takes 1 positional argument but 2 were given
Traceback (most recent call last):
  File "D:\Github\MontNET\plugins\fishing\fishing_core.py", line 119, in fish_logic
    reconnect_found, _ = find_image_in_window(
  File "D:\Github\MontNET\plugins\fishing\fishing_core.py", line 59, in find_image_in_window
    img = capture_window_to_cv(hwnd, region) if region else capture_window_to_cv(hwnd)
TypeError: capture_window_to_cv() takes 1 positional argument but 2 were given

2026-05-18 02:50:17,900 [INFO] 开始监测图像...
2026-05-18 02:50:20,951 [INFO] 监测中...
2026-05-18 02:50:22,934 [ERROR] 逻辑异常: capture_window_to_cv() takes 1 positional argument but 2 were given
Traceback (most recent call last):
  File "D:\Github\MontNET\plugins\fishing\fishing_core.py", line 119, in fish_logic
    reconnect_found, _ = find_image_in_window(
  File "D:\Github\MontNET\plugins\fishing\fishing_core.py", line 59, in find_image_in_window
    img = capture_window_to_cv(hwnd, region) if region else capture_window_to_cv(hwnd)
TypeError: capture_window_to_cv() takes 1 positional argument but 2 were given

2026-05-18 02:50:25,960 [INFO] 开始监测图像...
2026-05-18 02:50:29,014 [INFO] 监测中...
2026-05-18 02:50:30,983 [ERROR] 逻辑异常: capture_window_to_cv() takes 1 positional argument but 2 were given
Traceback (most recent call last):
  File "D:\Github\MontNET\plugins\fishing\fishing_core.py", line 119, in fish_logic
    reconnect_found, _ = find_image_in_window(
  File "D:\Github\MontNET\plugins\fishing\fishing_core.py", line 59, in find_image_in_window
    img = capture_window_to_cv(hwnd, region) if region else capture_window_to_cv(hwnd)
TypeError: capture_window_to_cv() takes 1 positional argument but 2 were given

2026-05-18 02:50:34,148 [INFO] 开始监测图像...
2026-05-18 02:50:37,162 [INFO] 监测中...
2026-05-18 02:50:37,329 [INFO] 当前在钓鱼界面全速后台钓鱼
2026-05-18 02:50:42,514 [INFO] ============================================================
2026-05-18 02:50:42,515 [INFO] 📋 日志策略：本文件每天午夜自动切片，最多保留最近 7 天的日志，旧日志将自动删除。
2026-05-18 02:50:42,515 [INFO] ============================================================
2026-05-18 02:50:43,038 [INFO] 锁定窗口: 异环   (句柄: 1903656)
2026-05-18 02:50:44,102 [INFO] 功能 macro 未设置快捷键，跳过注册
2026-05-18 02:50:44,103 [INFO] 功能 fortissimo 未设置快捷键，跳过注册
2026-05-18 02:50:44,103 [INFO] 功能 driving 未设置快捷键，跳过注册
2026-05-18 02:50:44,116 [INFO] 主窗口初始化完成
2026-05-18 02:50:44,282 [INFO] 程序启动完成
2026-05-18 02:50:45,995 [ERROR] 检查插件更新失败: HTTPSConnectionPool(host='api.github.com', port=443): Max retries exceeded with url: /repos/daoqi/MintNTE/releases/latest (Caused by SSLError(SSLCertVerificationError(1, '[SSL: CERTIFICATE_VERIFY_FAILED] certificate verify failed: unable to get local issuer certificate (_ssl.c:1007)')))
2026-05-18 02:50:55,261 [INFO] 钓鱼已开始
2026-05-18 02:50:55,261 [INFO] 开始循环钓鱼
2026-05-18 02:50:55,261 [INFO] 开始监测图像...
2026-05-18 02:50:55,318 [INFO] 按 F 进入钓鱼 (后台按键)
2026-05-18 02:50:56,178 [INFO] 开始钓鱼 (前台点击)
2026-05-18 02:50:57,471 [INFO] 当前在钓鱼界面全速后台钓鱼
2026-05-18 02:50:57,531 [INFO] 检测到鱼钩，开始持续按F
2026-05-18 02:51:02,628 [INFO] 检测到结束图标，停止按F
2026-05-18 02:51:02,628 [INFO] 启动跟随
2026-05-18 02:51:02,633 [INFO] 等待结果...
2026-05-18 02:51:02,715 [INFO] [等待结果] dianjikongbai 匹配度=0.333
2026-05-18 02:51:02,716 [INFO] [等待结果] panduandiaoyu 匹配度=0.239
2026-05-18 02:51:02,920 [INFO] [等待结果] dianjikongbai 匹配度=0.340
2026-05-18 02:51:02,922 [INFO] [等待结果] panduandiaoyu 匹配度=0.137
2026-05-18 02:51:03,136 [INFO] [等待结果] dianjikongbai 匹配度=0.355
2026-05-18 02:51:03,137 [INFO] [等待结果] panduandiaoyu 匹配度=0.117
2026-05-18 02:51:03,351 [INFO] [等待结果] dianjikongbai 匹配度=0.358
2026-05-18 02:51:03,352 [INFO] [等待结果] panduandiaoyu 匹配度=0.132
2026-05-18 02:51:03,570 [INFO] [等待结果] dianjikongbai 匹配度=0.342
2026-05-18 02:51:03,573 [INFO] [等待结果] panduandiaoyu 匹配度=0.132
2026-05-18 02:51:03,792 [INFO] [等待结果] dianjikongbai 匹配度=0.260
2026-05-18 02:51:03,796 [INFO] [等待结果] panduandiaoyu 匹配度=0.147
2026-05-18 02:51:04,009 [INFO] [等待结果] dianjikongbai 匹配度=0.323
2026-05-18 02:51:04,012 [INFO] [等待结果] panduandiaoyu 匹配度=0.146
2026-05-18 02:51:04,243 [INFO] [等待结果] dianjikongbai 匹配度=0.382
2026-05-18 02:51:04,244 [INFO] [等待结果] panduandiaoyu 匹配度=0.172
2026-05-18 02:51:04,476 [INFO] [等待结果] dianjikongbai 匹配度=0.416
2026-05-18 02:51:04,478 [INFO] [等待结果] panduandiaoyu 匹配度=0.170
2026-05-18 02:51:04,705 [INFO] [等待结果] dianjikongbai 匹配度=0.428
2026-05-18 02:51:04,706 [INFO] [等待结果] panduandiaoyu 匹配度=0.131
2026-05-18 02:51:04,919 [INFO] [等待结果] dianjikongbai 匹配度=0.440
2026-05-18 02:51:04,921 [INFO] [等待结果] panduandiaoyu 匹配度=0.153
2026-05-18 02:51:05,145 [INFO] [等待结果] dianjikongbai 匹配度=0.445
2026-05-18 02:51:05,146 [INFO] [等待结果] panduandiaoyu 匹配度=0.137
2026-05-18 02:51:05,373 [INFO] [等待结果] dianjikongbai 匹配度=0.455
2026-05-18 02:51:05,374 [INFO] [等待结果] panduandiaoyu 匹配度=0.120
2026-05-18 02:51:05,594 [INFO] [等待结果] dianjikongbai 匹配度=0.443
2026-05-18 02:51:05,596 [INFO] [等待结果] panduandiaoyu 匹配度=0.122
2026-05-18 02:51:05,818 [INFO] [等待结果] dianjikongbai 匹配度=0.445
2026-05-18 02:51:05,819 [INFO] [等待结果] panduandiaoyu 匹配度=0.106
2026-05-18 02:51:06,046 [INFO] [等待结果] dianjikongbai 匹配度=0.442
2026-05-18 02:51:06,049 [INFO] [等待结果] panduandiaoyu 匹配度=0.122
2026-05-18 02:51:06,277 [INFO] [等待结果] dianjikongbai 匹配度=0.454
2026-05-18 02:51:06,278 [INFO] [等待结果] panduandiaoyu 匹配度=0.194
2026-05-18 02:51:06,488 [INFO] [等待结果] dianjikongbai 匹配度=0.457
2026-05-18 02:51:06,488 [INFO] [等待结果] panduandiaoyu 匹配度=0.123
2026-05-18 02:51:06,712 [INFO] [等待结果] dianjikongbai 匹配度=0.454
2026-05-18 02:51:06,718 [INFO] [等待结果] panduandiaoyu 匹配度=0.151
2026-05-18 02:51:06,961 [INFO] [等待结果] dianjikongbai 匹配度=0.447
2026-05-18 02:51:06,962 [INFO] [等待结果] panduandiaoyu 匹配度=0.154
2026-05-18 02:51:07,190 [INFO] [等待结果] dianjikongbai 匹配度=0.437
2026-05-18 02:51:07,191 [INFO] [等待结果] panduandiaoyu 匹配度=0.134
2026-05-18 02:51:07,408 [INFO] [等待结果] dianjikongbai 匹配度=0.450
2026-05-18 02:51:07,789 [INFO] [等待结果] dianjikongbai 匹配度=0.249
2026-05-18 02:51:07,789 [INFO] [等待结果] panduandiaoyu 匹配度=0.255
2026-05-18 02:51:08,011 [INFO] [等待结果] dianjikongbai 匹配度=0.264
2026-05-18 02:51:08,011 [INFO] [等待结果] panduandiaoyu 匹配度=0.413
2026-05-18 02:51:08,230 [INFO] [等待结果] dianjikongbai 匹配度=0.295
2026-05-18 02:51:08,231 [INFO] [等待结果] panduandiaoyu 匹配度=0.251
2026-05-18 02:51:08,449 [INFO] [等待结果] dianjikongbai 匹配度=0.320
2026-05-18 02:51:08,450 [INFO] [等待结果] panduandiaoyu 匹配度=0.218
2026-05-18 02:51:08,680 [INFO] [等待结果] dianjikongbai 匹配度=0.320
2026-05-18 02:51:08,682 [INFO] [等待结果] panduandiaoyu 匹配度=0.256
2026-05-18 02:51:08,893 [INFO] [等待结果] dianjikongbai 匹配度=0.273
2026-05-18 02:51:08,894 [INFO] [等待结果] panduandiaoyu 匹配度=0.234
2026-05-18 02:51:09,108 [INFO] [等待结果] dianjikongbai 匹配度=0.258
2026-05-18 02:51:09,109 [INFO] [等待结果] panduandiaoyu 匹配度=0.284
2026-05-18 02:51:09,324 [INFO] [等待结果] dianjikongbai 匹配度=0.303
2026-05-18 02:51:09,326 [INFO] [等待结果] panduandiaoyu 匹配度=0.277
2026-05-18 02:51:09,536 [INFO] [等待结果] dianjikongbai 匹配度=0.547
2026-05-18 02:51:09,537 [INFO] [等待结果] panduandiaoyu 匹配度=0.200
2026-05-18 02:51:09,791 [INFO] [鱼获识别] fish_gone 匹配度=0.035
2026-05-18 02:51:09,792 [INFO] [鱼获识别] rank_s 匹配度=0.581
2026-05-18 02:51:09,793 [INFO] [鱼获识别] rank_a 匹配度=0.444
2026-05-18 02:51:09,794 [INFO] [鱼获识别] rank_b 匹配度=0.970
2026-05-18 02:51:09,795 [INFO] 钓起B级鱼
2026-05-18 02:51:09,795 [INFO] 钓鱼成功，后台按 ESC
2026-05-18 02:51:11,365 [INFO] 开始监测图像...
2026-05-18 02:51:11,429 [INFO] 当前在钓鱼界面全速后台钓鱼
2026-05-18 02:51:11,491 [INFO] 检测到鱼钩，开始持续按F
2026-05-18 02:51:16,297 [INFO] 检测到结束图标，停止按F
2026-05-18 02:51:16,297 [INFO] 启动跟随
2026-05-18 02:51:16,300 [INFO] 等待结果...
2026-05-18 02:51:16,373 [INFO] [等待结果] dianjikongbai 匹配度=0.307
2026-05-18 02:51:16,374 [INFO] [等待结果] panduandiaoyu 匹配度=0.146
2026-05-18 02:51:16,584 [INFO] [等待结果] dianjikongbai 匹配度=0.344
2026-05-18 02:51:16,585 [INFO] [等待结果] panduandiaoyu 匹配度=0.195
2026-05-18 02:51:16,808 [INFO] [等待结果] dianjikongbai 匹配度=0.357
2026-05-18 02:51:16,809 [INFO] [等待结果] panduandiaoyu 匹配度=0.170
2026-05-18 02:51:17,016 [INFO] [等待结果] dianjikongbai 匹配度=0.346
2026-05-18 02:51:17,017 [INFO] [等待结果] panduandiaoyu 匹配度=0.134
2026-05-18 02:51:17,246 [INFO] [等待结果] dianjikongbai 匹配度=0.340
2026-05-18 02:51:17,249 [INFO] [等待结果] panduandiaoyu 匹配度=0.133
2026-05-18 02:51:17,468 [INFO] [等待结果] dianjikongbai 匹配度=0.324
2026-05-18 02:51:17,470 [INFO] [等待结果] panduandiaoyu 匹配度=0.133
2026-05-18 02:51:17,701 [INFO] [等待结果] dianjikongbai 匹配度=0.333
2026-05-18 02:51:17,704 [INFO] [等待结果] panduandiaoyu 匹配度=0.151
2026-05-18 02:51:17,924 [INFO] [等待结果] dianjikongbai 匹配度=0.323
2026-05-18 02:51:17,925 [INFO] [等待结果] panduandiaoyu 匹配度=0.132
2026-05-18 02:51:18,152 [INFO] [等待结果] dianjikongbai 匹配度=0.341
2026-05-18 02:51:18,154 [INFO] [等待结果] panduandiaoyu 匹配度=0.149
2026-05-18 02:51:18,366 [INFO] [等待结果] dianjikongbai 匹配度=0.342
2026-05-18 02:51:18,367 [INFO] [等待结果] panduandiaoyu 匹配度=0.121
2026-05-18 02:51:18,595 [INFO] [等待结果] dianjikongbai 匹配度=0.355
2026-05-18 02:51:18,597 [INFO] [等待结果] panduandiaoyu 匹配度=0.117
2026-05-18 02:51:18,827 [INFO] [等待结果] dianjikongbai 匹配度=0.346
2026-05-18 02:51:18,828 [INFO] [等待结果] panduandiaoyu 匹配度=0.114
2026-05-18 02:51:19,042 [INFO] [等待结果] dianjikongbai 匹配度=0.346
2026-05-18 02:51:19,052 [INFO] [等待结果] panduandiaoyu 匹配度=0.120
2026-05-18 02:51:19,274 [INFO] [等待结果] dianjikongbai 匹配度=0.331
2026-05-18 02:51:19,275 [INFO] [等待结果] panduandiaoyu 匹配度=0.165
2026-05-18 02:51:19,488 [INFO] [等待结果] dianjikongbai 匹配度=0.330
2026-05-18 02:51:19,489 [INFO] [等待结果] panduandiaoyu 匹配度=0.167
2026-05-18 02:51:19,706 [INFO] [等待结果] dianjikongbai 匹配度=0.335
2026-05-18 02:51:19,707 [INFO] [等待结果] panduandiaoyu 匹配度=0.129
2026-05-18 02:51:19,923 [INFO] [等待结果] dianjikongbai 匹配度=0.334
2026-05-18 02:51:19,924 [INFO] [等待结果] panduandiaoyu 匹配度=0.132
2026-05-18 02:51:20,150 [INFO] [等待结果] dianjikongbai 匹配度=0.336
2026-05-18 02:51:20,151 [INFO] [等待结果] panduandiaoyu 匹配度=0.138
2026-05-18 02:51:20,390 [INFO] [等待结果] dianjikongbai 匹配度=0.352
2026-05-18 02:51:20,393 [INFO] [等待结果] panduandiaoyu 匹配度=0.120
2026-05-18 02:51:20,626 [INFO] [等待结果] dianjikongbai 匹配度=0.328
2026-05-18 02:51:20,630 [INFO] [等待结果] panduandiaoyu 匹配度=0.120
2026-05-18 02:51:20,861 [INFO] [等待结果] dianjikongbai 匹配度=0.331
2026-05-18 02:51:20,862 [INFO] [等待结果] panduandiaoyu 匹配度=0.149
2026-05-18 02:51:21,076 [INFO] [等待结果] dianjikongbai 匹配度=0.332
2026-05-18 02:51:21,077 [INFO] [等待结果] panduandiaoyu 匹配度=0.131
2026-05-18 02:51:21,296 [INFO] [等待结果] dianjikongbai 匹配度=0.329
2026-05-18 02:51:21,297 [INFO] [等待结果] panduandiaoyu 匹配度=0.098
2026-05-18 02:51:21,513 [INFO] [等待结果] dianjikongbai 匹配度=0.327
2026-05-18 02:51:21,514 [INFO] [等待结果] panduandiaoyu 匹配度=0.100
2026-05-18 02:51:21,728 [INFO] [等待结果] dianjikongbai 匹配度=0.327
2026-05-18 02:51:21,729 [INFO] [等待结果] panduandiaoyu 匹配度=0.135
2026-05-18 02:51:21,954 [INFO] [等待结果] dianjikongbai 匹配度=0.336
2026-05-18 02:51:21,955 [INFO] [等待结果] panduandiaoyu 匹配度=0.067
2026-05-18 02:51:22,188 [INFO] [等待结果] dianjikongbai 匹配度=0.319
2026-05-18 02:51:22,191 [INFO] [等待结果] panduandiaoyu 匹配度=0.253
2026-05-18 02:51:22,410 [INFO] [等待结果] dianjikongbai 匹配度=0.306
2026-05-18 02:51:22,411 [INFO] [等待结果] panduandiaoyu 匹配度=0.259
2026-05-18 02:51:22,617 [INFO] [等待结果] dianjikongbai 匹配度=0.312
2026-05-18 02:51:22,618 [INFO] [等待结果] panduandiaoyu 匹配度=0.269
2026-05-18 02:51:22,843 [INFO] [等待结果] dianjikongbai 匹配度=0.249
2026-05-18 02:51:22,844 [INFO] [等待结果] panduandiaoyu 匹配度=0.246
2026-05-18 02:51:23,081 [INFO] [等待结果] dianjikongbai 匹配度=0.226
2026-05-18 02:51:23,081 [INFO] [等待结果] panduandiaoyu 匹配度=0.262
2026-05-18 02:51:23,280 [INFO] [等待结果] dianjikongbai 匹配度=0.276
2026-05-18 02:51:23,281 [INFO] [等待结果] panduandiaoyu 匹配度=0.269
2026-05-18 02:51:23,480 [INFO] [等待结果] dianjikongbai 匹配度=0.304
2026-05-18 02:51:23,480 [INFO] [等待结果] panduandiaoyu 匹配度=0.313
2026-05-18 02:51:23,680 [INFO] [等待结果] dianjikongbai 匹配度=0.256
2026-05-18 02:51:23,681 [INFO] [等待结果] panduandiaoyu 匹配度=0.286
2026-05-18 02:51:23,882 [INFO] [等待结果] dianjikongbai 匹配度=0.286
2026-05-18 02:51:23,883 [INFO] [等待结果] panduandiaoyu 匹配度=0.323
2026-05-18 02:51:24,080 [INFO] [等待结果] dianjikongbai 匹配度=0.262
2026-05-18 02:51:24,080 [INFO] [等待结果] panduandiaoyu 匹配度=0.299
2026-05-18 02:51:24,297 [INFO] [等待结果] dianjikongbai 匹配度=0.617
2026-05-18 02:51:24,298 [INFO] [等待结果] panduandiaoyu 匹配度=0.231
2026-05-18 02:51:24,555 [INFO] [鱼获识别] fish_gone 匹配度=0.007
2026-05-18 02:51:24,556 [INFO] [鱼获识别] rank_s 匹配度=0.516
2026-05-18 02:51:24,556 [INFO] [鱼获识别] rank_a 匹配度=0.998
2026-05-18 02:51:24,557 [INFO] [鱼获识别] rank_b 匹配度=0.558
2026-05-18 02:51:24,557 [INFO] 钓起A级鱼
2026-05-18 02:51:24,557 [INFO] 钓鱼成功，后台按 ESC
2026-05-18 02:51:26,118 [INFO] 开始监测图像...
2026-05-18 02:51:26,175 [INFO] 当前在钓鱼界面全速后台钓鱼
2026-05-18 02:51:26,224 [INFO] 检测到鱼钩，开始持续按F
2026-05-18 02:51:31,296 [INFO] 检测到结束图标，停止按F
2026-05-18 02:51:31,298 [INFO] 启动跟随
2026-05-18 02:51:31,316 [INFO] 等待结果...
2026-05-18 02:51:31,400 [INFO] [等待结果] dianjikongbai 匹配度=0.336
2026-05-18 02:51:31,401 [INFO] [等待结果] panduandiaoyu 匹配度=0.140
2026-05-18 02:51:31,660 [INFO] [等待结果] dianjikongbai 匹配度=0.342
2026-05-18 02:51:31,662 [INFO] [等待结果] panduandiaoyu 匹配度=0.127
2026-05-18 02:51:31,880 [INFO] [等待结果] dianjikongbai 匹配度=0.348
2026-05-18 02:51:31,881 [INFO] [等待结果] panduandiaoyu 匹配度=0.137
2026-05-18 02:51:32,116 [INFO] [等待结果] dianjikongbai 匹配度=0.354
2026-05-18 02:51:32,118 [INFO] [等待结果] panduandiaoyu 匹配度=0.126
2026-05-18 02:51:32,345 [INFO] [等待结果] dianjikongbai 匹配度=0.346
2026-05-18 02:51:32,346 [INFO] [等待结果] panduandiaoyu 匹配度=0.127
2026-05-18 02:51:32,584 [INFO] [等待结果] dianjikongbai 匹配度=0.255
2026-05-18 02:51:32,587 [INFO] [等待结果] panduandiaoyu 匹配度=0.124
2026-05-18 02:51:32,824 [INFO] [等待结果] dianjikongbai 匹配度=0.256
2026-05-18 02:51:32,826 [INFO] [等待结果] panduandiaoyu 匹配度=0.139
2026-05-18 02:51:33,060 [INFO] [等待结果] dianjikongbai 匹配度=0.260
2026-05-18 02:51:33,063 [INFO] [等待结果] panduandiaoyu 匹配度=0.172
2026-05-18 02:51:33,313 [INFO] [等待结果] dianjikongbai 匹配度=0.253
2026-05-18 02:51:33,314 [INFO] [等待结果] panduandiaoyu 匹配度=0.127
2026-05-18 02:51:33,561 [INFO] [等待结果] dianjikongbai 匹配度=0.307
2026-05-18 02:51:33,563 [INFO] [等待结果] panduandiaoyu 匹配度=0.138
2026-05-18 02:51:33,792 [INFO] [等待结果] dianjikongbai 匹配度=0.301
2026-05-18 02:51:33,794 [INFO] [等待结果] panduandiaoyu 匹配度=0.121
2026-05-18 02:51:34,025 [INFO] [等待结果] dianjikongbai 匹配度=0.257
2026-05-18 02:51:34,026 [INFO] [等待结果] panduandiaoyu 匹配度=0.129
2026-05-18 02:51:34,262 [INFO] [等待结果] dianjikongbai 匹配度=0.253
2026-05-18 02:51:34,263 [INFO] [等待结果] panduandiaoyu 匹配度=0.140
2026-05-18 02:51:34,479 [INFO] [等待结果] dianjikongbai 匹配度=0.249
2026-05-18 02:51:34,481 [INFO] [等待结果] panduandiaoyu 匹配度=0.092
2026-05-18 02:51:34,706 [INFO] [等待结果] dianjikongbai 匹配度=0.230
2026-05-18 02:51:34,707 [INFO] [等待结果] panduandiaoyu 匹配度=0.101
2026-05-18 02:51:34,936 [INFO] [等待结果] dianjikongbai 匹配度=0.253
2026-05-18 02:51:34,938 [INFO] [等待结果] panduandiaoyu 匹配度=0.104
2026-05-18 02:51:35,174 [INFO] [等待结果] dianjikongbai 匹配度=0.253
2026-05-18 02:51:35,175 [INFO] [等待结果] panduandiaoyu 匹配度=0.086
2026-05-18 02:51:35,399 [INFO] [等待结果] dianjikongbai 匹配度=0.243
2026-05-18 02:51:35,401 [INFO] [等待结果] panduandiaoyu 匹配度=0.127
2026-05-18 02:51:35,623 [INFO] [等待结果] dianjikongbai 匹配度=0.259
2026-05-18 02:51:35,624 [INFO] [等待结果] panduandiaoyu 匹配度=0.119
2026-05-18 02:51:35,859 [INFO] [等待结果] dianjikongbai 匹配度=0.338
2026-05-18 02:51:35,860 [INFO] [等待结果] panduandiaoyu 匹配度=0.132
2026-05-18 02:51:36,131 [INFO] [等待结果] dianjikongbai 匹配度=0.351
2026-05-18 02:51:36,132 [INFO] [等待结果] panduandiaoyu 匹配度=0.250
2026-05-18 02:51:36,389 [INFO] [等待结果] dianjikongbai 匹配度=0.283
2026-05-18 02:51:36,391 [INFO] [等待结果] panduandiaoyu 匹配度=0.263
2026-05-18 02:51:36,640 [INFO] [等待结果] dianjikongbai 匹配度=0.305
2026-05-18 02:51:36,643 [INFO] [等待结果] panduandiaoyu 匹配度=0.242
2026-05-18 02:51:36,897 [INFO] [等待结果] dianjikongbai 匹配度=0.297
2026-05-18 02:51:36,898 [INFO] [等待结果] panduandiaoyu 匹配度=0.314
2026-05-18 02:51:37,169 [INFO] [等待结果] dianjikongbai 匹配度=0.246
2026-05-18 02:51:37,172 [INFO] [等待结果] panduandiaoyu 匹配度=0.229
2026-05-18 02:51:37,448 [INFO] [等待结果] dianjikongbai 匹配度=0.346
2026-05-18 02:51:37,449 [INFO] [等待结果] panduandiaoyu 匹配度=0.333
2026-05-18 02:51:37,727 [INFO] [等待结果] dianjikongbai 匹配度=0.311
2026-05-18 02:51:37,735 [INFO] [等待结果] panduandiaoyu 匹配度=0.349
2026-05-18 02:51:37,974 [INFO] [等待结果] dianjikongbai 匹配度=0.362
2026-05-18 02:51:37,976 [INFO] [等待结果] panduandiaoyu 匹配度=0.246
2026-05-18 02:51:38,208 [INFO] [等待结果] dianjikongbai 匹配度=0.553
2026-05-18 02:51:38,210 [INFO] [等待结果] panduandiaoyu 匹配度=0.291
2026-05-18 02:51:38,489 [INFO] [鱼获识别] fish_gone 匹配度=0.050
2026-05-18 02:51:38,490 [INFO] [鱼获识别] rank_s 匹配度=0.580
2026-05-18 02:51:38,491 [INFO] [鱼获识别] rank_a 匹配度=0.444
2026-05-18 02:51:38,493 [INFO] [鱼获识别] rank_b 匹配度=0.968
2026-05-18 02:51:38,493 [INFO] 钓起B级鱼
2026-05-18 02:51:38,493 [INFO] 钓鱼成功，后台按 ESC
2026-05-18 02:51:40,059 [INFO] 开始监测图像...
2026-05-18 02:51:40,116 [INFO] 当前在钓鱼界面全速后台钓鱼
2026-05-18 02:51:40,164 [INFO] 检测到鱼钩，开始持续按F
2026-05-18 02:51:44,817 [INFO] 检测到结束图标，停止按F
2026-05-18 02:51:44,817 [INFO] 启动跟随
2026-05-18 02:51:44,826 [INFO] 等待结果...
2026-05-18 02:51:44,922 [INFO] [等待结果] dianjikongbai 匹配度=0.344
2026-05-18 02:51:44,923 [INFO] [等待结果] panduandiaoyu 匹配度=0.151
2026-05-18 02:51:45,158 [INFO] [等待结果] dianjikongbai 匹配度=0.323
2026-05-18 02:51:45,159 [INFO] [等待结果] panduandiaoyu 匹配度=0.169
2026-05-18 02:51:45,402 [INFO] [等待结果] dianjikongbai 匹配度=0.319
2026-05-18 02:51:45,405 [INFO] [等待结果] panduandiaoyu 匹配度=0.200
2026-05-18 02:51:45,632 [INFO] [等待结果] dianjikongbai 匹配度=0.329
2026-05-18 02:51:45,633 [INFO] [等待结果] panduandiaoyu 匹配度=0.134
2026-05-18 02:51:45,880 [INFO] [等待结果] dianjikongbai 匹配度=0.334
2026-05-18 02:51:45,883 [INFO] [等待结果] panduandiaoyu 匹配度=0.155
2026-05-18 02:51:46,139 [INFO] [等待结果] dianjikongbai 匹配度=0.322
2026-05-18 02:51:46,140 [INFO] [等待结果] panduandiaoyu 匹配度=0.130
2026-05-18 02:51:46,393 [INFO] [等待结果] dianjikongbai 匹配度=0.323
2026-05-18 02:51:46,395 [INFO] [等待结果] panduandiaoyu 匹配度=0.163
2026-05-18 02:51:46,642 [INFO] [等待结果] dianjikongbai 匹配度=0.345
2026-05-18 02:51:46,644 [INFO] [等待结果] panduandiaoyu 匹配度=0.221
2026-05-18 02:51:46,857 [INFO] [等待结果] dianjikongbai 匹配度=0.353
2026-05-18 02:51:46,858 [INFO] [等待结果] panduandiaoyu 匹配度=0.223
2026-05-18 02:51:47,134 [INFO] [等待结果] dianjikongbai 匹配度=0.345
2026-05-18 02:51:47,137 [INFO] [等待结果] panduandiaoyu 匹配度=0.239
2026-05-18 02:51:47,429 [INFO] [等待结果] dianjikongbai 匹配度=0.333
2026-05-18 02:51:47,430 [INFO] [等待结果] panduandiaoyu 匹配度=0.240
2026-05-18 02:51:47,688 [INFO] [等待结果] dianjikongbai 匹配度=0.321
2026-05-18 02:51:47,691 [INFO] [等待结果] panduandiaoyu 匹配度=0.232
2026-05-18 02:51:47,954 [INFO] [等待结果] dianjikongbai 匹配度=0.326
2026-05-18 02:51:47,955 [INFO] [等待结果] panduandiaoyu 匹配度=0.243
2026-05-18 02:51:48,222 [INFO] [等待结果] dianjikongbai 匹配度=0.325
2026-05-18 02:51:48,223 [INFO] [等待结果] panduandiaoyu 匹配度=0.235
2026-05-18 02:51:48,440 [INFO] [等待结果] dianjikongbai 匹配度=0.331
2026-05-18 02:51:48,441 [INFO] [等待结果] panduandiaoyu 匹配度=0.195
2026-05-18 02:51:48,710 [INFO] [等待结果] dianjikongbai 匹配度=0.344
2026-05-18 02:51:48,711 [INFO] [等待结果] panduandiaoyu 匹配度=0.165
2026-05-18 02:51:48,962 [INFO] [等待结果] dianjikongbai 匹配度=0.340
2026-05-18 02:51:48,962 [INFO] [等待结果] panduandiaoyu 匹配度=0.140
2026-05-18 02:51:49,203 [INFO] [等待结果] dianjikongbai 匹配度=0.330
2026-05-18 02:51:49,204 [INFO] [等待结果] panduandiaoyu 匹配度=0.119
2026-05-18 02:51:49,461 [INFO] [等待结果] dianjikongbai 匹配度=0.322
2026-05-18 02:51:49,462 [INFO] [等待结果] panduandiaoyu 匹配度=0.099
2026-05-18 02:51:49,715 [INFO] [等待结果] dianjikongbai 匹配度=0.319
2026-05-18 02:51:49,716 [INFO] [等待结果] panduandiaoyu 匹配度=0.127
2026-05-18 02:51:49,975 [INFO] [等待结果] dianjikongbai 匹配度=0.322
2026-05-18 02:51:49,982 [INFO] [等待结果] panduandiaoyu 匹配度=0.138
2026-05-18 02:51:50,221 [INFO] [等待结果] dianjikongbai 匹配度=0.331
2026-05-18 02:51:50,222 [INFO] [等待结果] panduandiaoyu 匹配度=0.235
2026-05-18 02:51:50,447 [INFO] [等待结果] dianjikongbai 匹配度=0.330
2026-05-18 02:51:50,447 [INFO] [等待结果] panduandiaoyu 匹配度=0.238
2026-05-18 02:51:50,688 [INFO] [等待结果] dianjikongbai 匹配度=0.325
2026-05-18 02:51:50,690 [INFO] [等待结果] panduandiaoyu 匹配度=0.234
2026-05-18 02:51:50,928 [INFO] [等待结果] dianjikongbai 匹配度=0.331
2026-05-18 02:51:51,301 [INFO] [等待结果] dianjikongbai 匹配度=0.287
2026-05-18 02:51:51,303 [INFO] [等待结果] panduandiaoyu 匹配度=0.309
2026-05-18 02:51:51,533 [INFO] [等待结果] dianjikongbai 匹配度=0.319
2026-05-18 02:51:51,535 [INFO] [等待结果] panduandiaoyu 匹配度=0.259
2026-05-18 02:51:51,774 [INFO] [等待结果] dianjikongbai 匹配度=0.209
2026-05-18 02:51:51,775 [INFO] [等待结果] panduandiaoyu 匹配度=0.201
2026-05-18 02:51:52,031 [INFO] [等待结果] dianjikongbai 匹配度=0.212
2026-05-18 02:51:52,032 [INFO] [等待结果] panduandiaoyu 匹配度=0.246
2026-05-18 02:51:52,264 [INFO] [等待结果] dianjikongbai 匹配度=0.291
2026-05-18 02:51:52,265 [INFO] [等待结果] panduandiaoyu 匹配度=0.252
2026-05-18 02:51:52,480 [INFO] [等待结果] dianjikongbai 匹配度=0.233
2026-05-18 02:51:52,481 [INFO] [等待结果] panduandiaoyu 匹配度=0.277
2026-05-18 02:51:52,696 [INFO] [等待结果] dianjikongbai 匹配度=0.238
2026-05-18 02:51:52,698 [INFO] [等待结果] panduandiaoyu 匹配度=0.256
2026-05-18 02:51:52,954 [INFO] [等待结果] dianjikongbai 匹配度=0.327
2026-05-18 02:51:52,955 [INFO] [等待结果] panduandiaoyu 匹配度=0.233
2026-05-18 02:51:53,277 [INFO] [鱼获识别] fish_gone 匹配度=0.007
2026-05-18 02:51:53,278 [INFO] [鱼获识别] rank_s 匹配度=0.580
2026-05-18 02:51:53,279 [INFO] [鱼获识别] rank_a 匹配度=0.444
2026-05-18 02:51:53,280 [INFO] [鱼获识别] rank_b 匹配度=0.976
2026-05-18 02:51:53,280 [INFO] 钓起B级鱼
2026-05-18 02:51:53,280 [INFO] 钓鱼成功，后台按 ESC
2026-05-18 02:51:54,850 [INFO] 开始监测图像...
2026-05-18 02:51:54,933 [INFO] 当前在钓鱼界面全速后台钓鱼
2026-05-18 02:51:54,997 [INFO] 检测到鱼钩，开始持续按F
2026-05-18 02:51:59,866 [INFO] 检测到结束图标，停止按F
2026-05-18 02:51:59,866 [INFO] 启动跟随
2026-05-18 02:51:59,871 [INFO] 等待结果...
2026-05-18 02:51:59,952 [INFO] [等待结果] dianjikongbai 匹配度=0.321
2026-05-18 02:51:59,955 [INFO] [等待结果] panduandiaoyu 匹配度=0.182
2026-05-18 02:52:00,177 [INFO] [等待结果] dianjikongbai 匹配度=0.344
2026-05-18 02:52:00,178 [INFO] [等待结果] panduandiaoyu 匹配度=0.182
2026-05-18 02:52:00,390 [INFO] [等待结果] dianjikongbai 匹配度=0.358
2026-05-18 02:52:00,391 [INFO] [等待结果] panduandiaoyu 匹配度=0.217
2026-05-18 02:52:00,601 [INFO] [等待结果] dianjikongbai 匹配度=0.357
2026-05-18 02:52:00,601 [INFO] [等待结果] panduandiaoyu 匹配度=0.149
2026-05-18 02:52:00,828 [INFO] [等待结果] dianjikongbai 匹配度=0.271
2026-05-18 02:52:00,829 [INFO] [等待结果] panduandiaoyu 匹配度=0.137
2026-05-18 02:52:01,050 [INFO] [等待结果] dianjikongbai 匹配度=0.259
2026-05-18 02:52:01,052 [INFO] [等待结果] panduandiaoyu 匹配度=0.147
2026-05-18 02:52:01,286 [INFO] [等待结果] dianjikongbai 匹配度=0.246
2026-05-18 02:52:01,288 [INFO] [等待结果] panduandiaoyu 匹配度=0.114
2026-05-18 02:52:01,502 [INFO] [等待结果] dianjikongbai 匹配度=0.244
2026-05-18 02:52:01,503 [INFO] [等待结果] panduandiaoyu 匹配度=0.129
2026-05-18 02:52:01,725 [INFO] [等待结果] dianjikongbai 匹配度=0.439
2026-05-18 02:52:01,726 [INFO] [等待结果] panduandiaoyu 匹配度=0.133
2026-05-18 02:52:01,947 [INFO] [等待结果] dianjikongbai 匹配度=0.437
2026-05-18 02:52:01,949 [INFO] [等待结果] panduandiaoyu 匹配度=0.114
2026-05-18 02:52:02,167 [INFO] [等待结果] dianjikongbai 匹配度=0.447
2026-05-18 02:52:02,168 [INFO] [等待结果] panduandiaoyu 匹配度=0.139
2026-05-18 02:52:02,396 [INFO] [等待结果] dianjikongbai 匹配度=0.451
2026-05-18 02:52:02,398 [INFO] [等待结果] panduandiaoyu 匹配度=0.137
2026-05-18 02:52:02,615 [INFO] [等待结果] dianjikongbai 匹配度=0.451
2026-05-18 02:52:02,615 [INFO] [等待结果] panduandiaoyu 匹配度=0.098
2026-05-18 02:52:02,818 [INFO] [等待结果] dianjikongbai 匹配度=0.447
2026-05-18 02:52:02,820 [INFO] [等待结果] panduandiaoyu 匹配度=0.098
2026-05-18 02:52:03,056 [INFO] [等待结果] dianjikongbai 匹配度=0.458
2026-05-18 02:52:03,059 [INFO] [等待结果] panduandiaoyu 匹配度=0.043
2026-05-18 02:52:03,274 [INFO] [等待结果] dianjikongbai 匹配度=0.455
2026-05-18 02:52:03,275 [INFO] [等待结果] panduandiaoyu 匹配度=0.096
2026-05-18 02:52:03,482 [INFO] [等待结果] dianjikongbai 匹配度=0.423
2026-05-18 02:52:03,483 [INFO] [等待结果] panduandiaoyu 匹配度=0.129
2026-05-18 02:52:03,683 [INFO] [等待结果] dianjikongbai 匹配度=0.441
2026-05-18 02:52:03,684 [INFO] [等待结果] panduandiaoyu 匹配度=0.120
2026-05-18 02:52:03,898 [INFO] [等待结果] dianjikongbai 匹配度=0.424
2026-05-18 02:52:03,899 [INFO] [等待结果] panduandiaoyu 匹配度=0.133
2026-05-18 02:52:04,107 [INFO] [等待结果] dianjikongbai 匹配度=0.410
2026-05-18 02:52:04,108 [INFO] [等待结果] panduandiaoyu 匹配度=0.147
2026-05-18 02:52:04,339 [INFO] [等待结果] dianjikongbai 匹配度=0.402
2026-05-18 02:52:04,342 [INFO] [等待结果] panduandiaoyu 匹配度=0.144
2026-05-18 02:52:04,550 [INFO] [等待结果] dianjikongbai 匹配度=0.418
2026-05-18 02:52:04,551 [INFO] [等待结果] panduandiaoyu 匹配度=0.150
2026-05-18 02:52:04,777 [INFO] [等待结果] dianjikongbai 匹配度=0.239
2026-05-18 02:52:04,781 [INFO] [等待结果] panduandiaoyu 匹配度=0.264
2026-05-18 02:52:04,994 [INFO] [等待结果] dianjikongbai 匹配度=0.234
2026-05-18 02:52:04,998 [INFO] [等待结果] panduandiaoyu 匹配度=0.243
2026-05-18 02:52:05,213 [INFO] [等待结果] dianjikongbai 匹配度=0.288
2026-05-18 02:52:05,214 [INFO] [等待结果] panduandiaoyu 匹配度=0.247
2026-05-18 02:52:05,434 [INFO] [等待结果] dianjikongbai 匹配度=0.260
2026-05-18 02:52:05,435 [INFO] [等待结果] panduandiaoyu 匹配度=0.265
2026-05-18 02:52:05,656 [INFO] [等待结果] dianjikongbai 匹配度=0.229
2026-05-18 02:52:05,657 [INFO] [等待结果] panduandiaoyu 匹配度=0.267
2026-05-18 02:52:05,887 [INFO] [等待结果] dianjikongbai 匹配度=0.233
2026-05-18 02:52:05,888 [INFO] [等待结果] panduandiaoyu 匹配度=0.349
2026-05-18 02:52:06,115 [INFO] [等待结果] dianjikongbai 匹配度=0.325
2026-05-18 02:52:06,116 [INFO] [等待结果] panduandiaoyu 匹配度=0.326
2026-05-18 02:52:06,314 [INFO] [等待结果] dianjikongbai 匹配度=0.248
2026-05-18 02:52:06,314 [INFO] [等待结果] panduandiaoyu 匹配度=0.238
2026-05-18 02:52:06,523 [INFO] [等待结果] dianjikongbai 匹配度=0.366
2026-05-18 02:52:06,524 [INFO] [等待结果] panduandiaoyu 匹配度=0.250
2026-05-18 02:52:06,760 [INFO] [鱼获识别] fish_gone 匹配度=0.071
2026-05-18 02:52:06,760 [INFO] [鱼获识别] rank_s 匹配度=0.582
2026-05-18 02:52:06,760 [INFO] [鱼获识别] rank_a 匹配度=0.447
2026-05-18 02:52:06,761 [INFO] [鱼获识别] rank_b 匹配度=0.982
2026-05-18 02:52:06,761 [INFO] 钓起B级鱼
2026-05-18 02:52:06,762 [INFO] 钓鱼成功，后台按 ESC
2026-05-18 02:52:08,331 [INFO] 开始监测图像...
2026-05-18 02:52:08,375 [INFO] 当前在钓鱼界面全速后台钓鱼
2026-05-18 02:52:08,422 [INFO] 检测到鱼钩，开始持续按F
2026-05-18 02:52:13,543 [INFO] 检测到结束图标，停止按F
2026-05-18 02:52:13,543 [INFO] 启动跟随
2026-05-18 02:52:13,548 [INFO] 等待结果...
2026-05-18 02:52:13,640 [INFO] [等待结果] dianjikongbai 匹配度=0.337
2026-05-18 02:52:13,642 [INFO] [等待结果] panduandiaoyu 匹配度=0.113
2026-05-18 02:52:13,853 [INFO] [等待结果] dianjikongbai 匹配度=0.335
2026-05-18 02:52:13,854 [INFO] [等待结果] panduandiaoyu 匹配度=0.164
2026-05-18 02:52:14,076 [INFO] [等待结果] dianjikongbai 匹配度=0.334
2026-05-18 02:52:14,077 [INFO] [等待结果] panduandiaoyu 匹配度=0.114
2026-05-18 02:52:14,287 [INFO] [等待结果] dianjikongbai 匹配度=0.330
2026-05-18 02:52:14,288 [INFO] [等待结果] panduandiaoyu 匹配度=0.154
2026-05-18 02:52:14,506 [INFO] [等待结果] dianjikongbai 匹配度=0.324
2026-05-18 02:52:14,507 [INFO] [等待结果] panduandiaoyu 匹配度=0.136
2026-05-18 02:52:14,735 [INFO] [等待结果] dianjikongbai 匹配度=0.331
2026-05-18 02:52:14,736 [INFO] [等待结果] panduandiaoyu 匹配度=0.152
2026-05-18 02:52:14,952 [INFO] [等待结果] dianjikongbai 匹配度=0.326
2026-05-18 02:52:14,954 [INFO] [等待结果] panduandiaoyu 匹配度=0.145
2026-05-18 02:52:15,177 [INFO] [等待结果] dianjikongbai 匹配度=0.331
2026-05-18 02:52:15,179 [INFO] [等待结果] panduandiaoyu 匹配度=0.129
2026-05-18 02:52:15,403 [INFO] [等待结果] dianjikongbai 匹配度=0.333
2026-05-18 02:52:15,404 [INFO] [等待结果] panduandiaoyu 匹配度=0.130
2026-05-18 02:52:15,622 [INFO] [等待结果] dianjikongbai 匹配度=0.330
2026-05-18 02:52:15,623 [INFO] [等待结果] panduandiaoyu 匹配度=0.148
2026-05-18 02:52:15,859 [INFO] [等待结果] dianjikongbai 匹配度=0.329
2026-05-18 02:52:15,860 [INFO] [等待结果] panduandiaoyu 匹配度=0.236
2026-05-18 02:52:16,076 [INFO] [等待结果] dianjikongbai 匹配度=0.328
2026-05-18 02:52:16,078 [INFO] [等待结果] panduandiaoyu 匹配度=0.231
2026-05-18 02:52:16,285 [INFO] [等待结果] dianjikongbai 匹配度=0.331
2026-05-18 02:52:16,286 [INFO] [等待结果] panduandiaoyu 匹配度=0.236
2026-05-18 02:52:16,500 [INFO] [等待结果] dianjikongbai 匹配度=0.333
2026-05-18 02:52:16,501 [INFO] [等待结果] panduandiaoyu 匹配度=0.240
2026-05-18 02:52:16,727 [INFO] [等待结果] dianjikongbai 匹配度=0.314
2026-05-18 02:52:16,728 [INFO] [等待结果] panduandiaoyu 匹配度=0.236
2026-05-18 02:52:16,929 [INFO] [等待结果] dianjikongbai 匹配度=0.318
2026-05-18 02:52:16,931 [INFO] [等待结果] panduandiaoyu 匹配度=0.236
2026-05-18 02:52:17,156 [INFO] [等待结果] dianjikongbai 匹配度=0.308
2026-05-18 02:52:17,157 [INFO] [等待结果] panduandiaoyu 匹配度=0.234
2026-05-18 02:52:17,389 [INFO] [等待结果] dianjikongbai 匹配度=0.312
2026-05-18 02:52:17,390 [INFO] [等待结果] panduandiaoyu 匹配度=0.236
2026-05-18 02:52:17,593 [INFO] [等待结果] dianjikongbai 匹配度=0.315
2026-05-18 02:52:17,594 [INFO] [等待结果] panduandiaoyu 匹配度=0.238
2026-05-18 02:52:17,802 [INFO] [等待结果] dianjikongbai 匹配度=0.325
2026-05-18 02:52:17,803 [INFO] [等待结果] panduandiaoyu 匹配度=0.238
2026-05-18 02:52:18,022 [INFO] [等待结果] dianjikongbai 匹配度=0.321
2026-05-18 02:52:18,022 [INFO] [等待结果] panduandiaoyu 匹配度=0.237
2026-05-18 02:52:18,235 [INFO] [等待结果] dianjikongbai 匹配度=0.337
2026-05-18 02:52:18,237 [INFO] [等待结果] panduandiaoyu 匹配度=0.249
2026-05-18 02:52:18,458 [INFO] [等待结果] dianjikongbai 匹配度=0.349
2026-05-18 02:52:18,460 [INFO] [等待结果] panduandiaoyu 匹配度=0.241
2026-05-18 02:52:18,670 [INFO] [等待结果] dianjikongbai 匹配度=0.353
2026-05-18 02:52:18,672 [INFO] [等待结果] panduandiaoyu 匹配度=0.230
2026-05-18 02:52:18,897 [INFO] [等待结果] dianjikongbai 匹配度=0.334
2026-05-18 02:52:18,898 [INFO] [等待结果] panduandiaoyu 匹配度=0.221
2026-05-18 02:52:19,121 [INFO] [等待结果] dianjikongbai 匹配度=0.327
2026-05-18 02:52:19,128 [INFO] [等待结果] panduandiaoyu 匹配度=0.226
2026-05-18 02:52:19,355 [INFO] [等待结果] dianjikongbai 匹配度=0.332
2026-05-18 02:52:19,361 [INFO] [等待结果] panduandiaoyu 匹配度=0.235
2026-05-18 02:52:19,584 [INFO] [等待结果] dianjikongbai 匹配度=0.321
2026-05-18 02:52:19,947 [INFO] [等待结果] dianjikongbai 匹配度=0.267
2026-05-18 02:52:19,948 [INFO] [等待结果] panduandiaoyu 匹配度=0.233
2026-05-18 02:52:20,158 [INFO] [等待结果] dianjikongbai 匹配度=0.323
2026-05-18 02:52:20,159 [INFO] [等待结果] panduandiaoyu 匹配度=0.243
2026-05-18 02:52:20,371 [INFO] [等待结果] dianjikongbai 匹配度=0.257
2026-05-18 02:52:20,373 [INFO] [等待结果] panduandiaoyu 匹配度=0.304
2026-05-18 02:52:20,589 [INFO] [等待结果] dianjikongbai 匹配度=0.243
2026-05-18 02:52:20,590 [INFO] [等待结果] panduandiaoyu 匹配度=0.286
2026-05-18 02:52:20,816 [INFO] [等待结果] dianjikongbai 匹配度=0.278
2026-05-18 02:52:20,817 [INFO] [等待结果] panduandiaoyu 匹配度=0.304
2026-05-18 02:52:21,039 [INFO] [等待结果] dianjikongbai 匹配度=0.322
2026-05-18 02:52:21,041 [INFO] [等待结果] panduandiaoyu 匹配度=0.254
2026-05-18 02:52:21,262 [INFO] [等待结果] dianjikongbai 匹配度=0.253
2026-05-18 02:52:21,264 [INFO] [等待结果] panduandiaoyu 匹配度=0.314
2026-05-18 02:52:21,480 [INFO] [等待结果] dianjikongbai 匹配度=0.311
2026-05-18 02:52:21,484 [INFO] [等待结果] panduandiaoyu 匹配度=0.281
2026-05-18 02:52:21,715 [INFO] [等待结果] dianjikongbai 匹配度=0.456
2026-05-18 02:52:21,716 [INFO] [等待结果] panduandiaoyu 匹配度=0.231
2026-05-18 02:52:22,047 [INFO] [鱼获识别] fish_gone 匹配度=0.007
2026-05-18 02:52:22,048 [INFO] [鱼获识别] rank_s 匹配度=0.511
2026-05-18 02:52:22,048 [INFO] [鱼获识别] rank_a 匹配度=1.000
2026-05-18 02:52:22,049 [INFO] [鱼获识别] rank_b 匹配度=0.554
2026-05-18 02:52:22,049 [INFO] 钓起A级鱼
2026-05-18 02:52:22,049 [INFO] 钓鱼成功，后台按 ESC
2026-05-18 02:52:23,622 [INFO] 开始监测图像...
2026-05-18 02:52:23,677 [INFO] 当前在钓鱼界面全速后台钓鱼
2026-05-18 02:52:23,723 [INFO] 检测到鱼钩，开始持续按F
2026-05-18 02:52:26,261 [INFO] 功能 macro 未设置快捷键，跳过注册
2026-05-18 02:52:26,261 [INFO] 功能 fortissimo 未设置快捷键，跳过注册
2026-05-18 02:52:26,262 [INFO] 功能 driving 未设置快捷键，跳过注册
2026-05-18 02:52:29,641 [INFO] 检测到结束图标，停止按F
2026-05-18 02:52:29,641 [INFO] 启动跟随
2026-05-18 02:52:29,645 [INFO] 等待结果...
2026-05-18 02:52:29,713 [INFO] [等待结果] dianjikongbai 匹配度=0.332
2026-05-18 02:52:29,714 [INFO] [等待结果] panduandiaoyu 匹配度=0.093
2026-05-18 02:52:29,936 [INFO] [等待结果] dianjikongbai 匹配度=0.345
2026-05-18 02:52:29,937 [INFO] [等待结果] panduandiaoyu 匹配度=0.005
2026-05-18 02:52:30,159 [INFO] [等待结果] dianjikongbai 匹配度=0.351
2026-05-18 02:52:30,160 [INFO] [等待结果] panduandiaoyu 匹配度=0.000
2026-05-18 02:52:30,391 [INFO] [等待结果] dianjikongbai 匹配度=0.365
2026-05-18 02:52:30,393 [INFO] [等待结果] panduandiaoyu 匹配度=0.000
2026-05-18 02:52:30,623 [INFO] [等待结果] dianjikongbai 匹配度=0.355
2026-05-18 02:52:30,624 [INFO] [等待结果] panduandiaoyu 匹配度=0.094
2026-05-18 02:52:30,848 [INFO] [等待结果] dianjikongbai 匹配度=0.346
2026-05-18 02:52:30,850 [INFO] [等待结果] panduandiaoyu 匹配度=0.081
2026-05-18 02:52:31,076 [INFO] [等待结果] dianjikongbai 匹配度=0.361
2026-05-18 02:52:31,077 [INFO] [等待结果] panduandiaoyu 匹配度=0.000
2026-05-18 02:52:31,311 [INFO] [等待结果] dianjikongbai 匹配度=0.344
2026-05-18 02:52:31,312 [INFO] [等待结果] panduandiaoyu 匹配度=0.053
2026-05-18 02:52:31,538 [INFO] [等待结果] dianjikongbai 匹配度=0.335
2026-05-18 02:52:31,539 [INFO] [等待结果] panduandiaoyu 匹配度=0.000
2026-05-18 02:52:31,758 [INFO] [等待结果] dianjikongbai 匹配度=0.352
2026-05-18 02:52:31,761 [INFO] [等待结果] panduandiaoyu 匹配度=0.000
2026-05-18 02:52:31,992 [INFO] [等待结果] dianjikongbai 匹配度=0.361
2026-05-18 02:52:31,993 [INFO] [等待结果] panduandiaoyu 匹配度=0.000
2026-05-18 02:52:32,224 [INFO] [等待结果] dianjikongbai 匹配度=0.351
2026-05-18 02:52:32,226 [INFO] [等待结果] panduandiaoyu 匹配度=0.111
2026-05-18 02:52:32,443 [INFO] [等待结果] dianjikongbai 匹配度=0.342
2026-05-18 02:52:32,455 [INFO] [等待结果] panduandiaoyu 匹配度=0.000
2026-05-18 02:52:32,683 [INFO] [等待结果] dianjikongbai 匹配度=0.344
2026-05-18 02:52:32,684 [INFO] [等待结果] panduandiaoyu 匹配度=0.178
2026-05-18 02:52:32,924 [INFO] [等待结果] dianjikongbai 匹配度=0.346
2026-05-18 02:52:32,925 [INFO] [等待结果] panduandiaoyu 匹配度=0.154
2026-05-18 02:52:33,137 [INFO] [等待结果] dianjikongbai 匹配度=0.331
2026-05-18 02:52:33,138 [INFO] [等待结果] panduandiaoyu 匹配度=0.094
2026-05-18 02:52:33,353 [INFO] [等待结果] dianjikongbai 匹配度=0.339
2026-05-18 02:52:33,356 [INFO] [等待结果] panduandiaoyu 匹配度=0.118
2026-05-18 02:52:33,564 [INFO] [等待结果] dianjikongbai 匹配度=0.351
2026-05-18 02:52:33,564 [INFO] [等待结果] panduandiaoyu 匹配度=0.118
2026-05-18 02:52:33,798 [INFO] [等待结果] dianjikongbai 匹配度=0.355
2026-05-18 02:52:33,799 [INFO] [等待结果] panduandiaoyu 匹配度=0.124
2026-05-18 02:52:34,026 [INFO] [等待结果] dianjikongbai 匹配度=0.364
2026-05-18 02:52:34,030 [INFO] [等待结果] panduandiaoyu 匹配度=0.127
2026-05-18 02:52:34,256 [INFO] [等待结果] dianjikongbai 匹配度=0.186
2026-05-18 02:52:34,264 [INFO] [等待结果] panduandiaoyu 匹配度=0.136
2026-05-18 02:52:34,478 [INFO] [等待结果] dianjikongbai 匹配度=0.266
2026-05-18 02:52:34,479 [INFO] [等待结果] panduandiaoyu 匹配度=0.000
2026-05-18 02:52:34,723 [INFO] [等待结果] dianjikongbai 匹配度=0.406
2026-05-18 02:52:34,724 [INFO] [等待结果] panduandiaoyu 匹配度=0.000
2026-05-18 02:52:34,952 [INFO] [等待结果] dianjikongbai 匹配度=0.293
2026-05-18 02:52:34,953 [INFO] [等待结果] panduandiaoyu 匹配度=0.000
2026-05-18 02:52:35,179 [INFO] [等待结果] dianjikongbai 匹配度=0.287
2026-05-18 02:52:35,181 [INFO] [等待结果] panduandiaoyu 匹配度=0.254
2026-05-18 02:52:35,403 [INFO] [等待结果] dianjikongbai 匹配度=0.512
2026-05-18 02:52:35,768 [INFO] [等待结果] dianjikongbai 匹配度=0.270
2026-05-18 02:52:35,768 [INFO] [等待结果] panduandiaoyu 匹配度=0.321
2026-05-18 02:52:35,988 [INFO] [等待结果] dianjikongbai 匹配度=0.255
2026-05-18 02:52:35,989 [INFO] [等待结果] panduandiaoyu 匹配度=0.390
2026-05-18 02:52:36,201 [INFO] [等待结果] dianjikongbai 匹配度=0.228
2026-05-18 02:52:36,202 [INFO] [等待结果] panduandiaoyu 匹配度=0.391
2026-05-18 02:52:36,408 [INFO] [等待结果] dianjikongbai 匹配度=0.238
2026-05-18 02:52:36,408 [INFO] [等待结果] panduandiaoyu 匹配度=0.329
2026-05-18 02:52:36,635 [INFO] [等待结果] dianjikongbai 匹配度=0.231
2026-05-18 02:52:36,638 [INFO] [等待结果] panduandiaoyu 匹配度=0.338
2026-05-18 02:52:36,869 [INFO] [等待结果] dianjikongbai 匹配度=0.271
2026-05-18 02:52:36,869 [INFO] [等待结果] panduandiaoyu 匹配度=0.264
2026-05-18 02:52:37,089 [INFO] [等待结果] dianjikongbai 匹配度=0.251
2026-05-18 02:52:37,090 [INFO] [等待结果] panduandiaoyu 匹配度=0.376
2026-05-18 02:52:37,316 [INFO] [等待结果] dianjikongbai 匹配度=0.292
2026-05-18 02:52:37,317 [INFO] [等待结果] panduandiaoyu 匹配度=0.316
2026-05-18 02:52:37,518 [INFO] [等待结果] dianjikongbai 匹配度=0.508
2026-05-18 02:52:37,519 [INFO] [等待结果] panduandiaoyu 匹配度=0.316
2026-05-18 02:52:37,777 [INFO] [鱼获识别] fish_gone 匹配度=0.007
2026-05-18 02:52:37,778 [INFO] [鱼获识别] rank_s 匹配度=0.510
2026-05-18 02:52:37,779 [INFO] [鱼获识别] rank_a 匹配度=1.000
2026-05-18 02:52:37,779 [INFO] [鱼获识别] rank_b 匹配度=0.554
2026-05-18 02:52:37,779 [INFO] 钓起A级鱼
2026-05-18 02:52:37,779 [INFO] 钓鱼成功，后台按 ESC
2026-05-18 02:52:39,350 [INFO] 开始监测图像...
2026-05-18 02:52:39,431 [INFO] 当前在钓鱼界面全速后台钓鱼
2026-05-18 02:52:39,483 [INFO] 检测到鱼钩，开始持续按F
2026-05-18 02:52:44,315 [INFO] 检测到结束图标，停止按F
2026-05-18 02:52:44,315 [INFO] 启动跟随
2026-05-18 02:52:44,318 [INFO] 等待结果...
2026-05-18 02:52:44,408 [INFO] [等待结果] dianjikongbai 匹配度=0.327
2026-05-18 02:52:44,409 [INFO] [等待结果] panduandiaoyu 匹配度=0.075
2026-05-18 02:52:44,620 [INFO] [等待结果] dianjikongbai 匹配度=0.355
2026-05-18 02:52:44,621 [INFO] [等待结果] panduandiaoyu 匹配度=0.027
2026-05-18 02:52:44,834 [INFO] [等待结果] dianjikongbai 匹配度=0.363
2026-05-18 02:52:44,835 [INFO] [等待结果] panduandiaoyu 匹配度=0.060
2026-05-18 02:52:45,059 [INFO] [等待结果] dianjikongbai 匹配度=0.347
2026-05-18 02:52:45,061 [INFO] [等待结果] panduandiaoyu 匹配度=0.000
2026-05-18 02:52:45,292 [INFO] [等待结果] dianjikongbai 匹配度=0.350
2026-05-18 02:52:45,293 [INFO] [等待结果] panduandiaoyu 匹配度=0.000
2026-05-18 02:52:45,503 [INFO] [等待结果] dianjikongbai 匹配度=0.361
2026-05-18 02:52:45,504 [INFO] [等待结果] panduandiaoyu 匹配度=0.120
2026-05-18 02:52:45,719 [INFO] [等待结果] dianjikongbai 匹配度=0.367
2026-05-18 02:52:45,720 [INFO] [等待结果] panduandiaoyu 匹配度=0.110
2026-05-18 02:52:45,944 [INFO] [等待结果] dianjikongbai 匹配度=0.361
2026-05-18 02:52:45,946 [INFO] [等待结果] panduandiaoyu 匹配度=0.133
2026-05-18 02:52:46,172 [INFO] [等待结果] dianjikongbai 匹配度=0.376
2026-05-18 02:52:46,173 [INFO] [等待结果] panduandiaoyu 匹配度=0.000
2026-05-18 02:52:46,396 [INFO] [等待结果] dianjikongbai 匹配度=0.370
2026-05-18 02:52:46,398 [INFO] [等待结果] panduandiaoyu 匹配度=0.090
2026-05-18 02:52:46,624 [INFO] [等待结果] dianjikongbai 匹配度=0.369
2026-05-18 02:52:46,625 [INFO] [等待结果] panduandiaoyu 匹配度=0.179
2026-05-18 02:52:46,864 [INFO] [等待结果] dianjikongbai 匹配度=0.363
2026-05-18 02:52:46,865 [INFO] [等待结果] panduandiaoyu 匹配度=0.165
2026-05-18 02:52:47,099 [INFO] [等待结果] dianjikongbai 匹配度=0.364
2026-05-18 02:52:47,100 [INFO] [等待结果] panduandiaoyu 匹配度=0.000
2026-05-18 02:52:47,353 [INFO] [等待结果] dianjikongbai 匹配度=0.356
2026-05-18 02:52:47,355 [INFO] [等待结果] panduandiaoyu 匹配度=0.059
2026-05-18 02:52:47,582 [INFO] [等待结果] dianjikongbai 匹配度=0.357
2026-05-18 02:52:47,584 [INFO] [等待结果] panduandiaoyu 匹配度=0.000
2026-05-18 02:52:47,832 [INFO] [等待结果] dianjikongbai 匹配度=0.349
2026-05-18 02:52:47,833 [INFO] [等待结果] panduandiaoyu 匹配度=0.000
2026-05-18 02:52:48,074 [INFO] [等待结果] dianjikongbai 匹配度=0.368
2026-05-18 02:52:48,075 [INFO] [等待结果] panduandiaoyu 匹配度=0.000
2026-05-18 02:52:48,314 [INFO] [等待结果] dianjikongbai 匹配度=0.359
2026-05-18 02:52:48,315 [INFO] [等待结果] panduandiaoyu 匹配度=0.129
2026-05-18 02:52:48,534 [INFO] [等待结果] dianjikongbai 匹配度=0.339
2026-05-18 02:52:48,534 [INFO] [等待结果] panduandiaoyu 匹配度=0.067
2026-05-18 02:52:48,751 [INFO] [等待结果] dianjikongbai 匹配度=0.348
2026-05-18 02:52:48,752 [INFO] [等待结果] panduandiaoyu 匹配度=0.000
2026-05-18 02:52:48,967 [INFO] [等待结果] dianjikongbai 匹配度=0.348
2026-05-18 02:52:48,968 [INFO] [等待结果] panduandiaoyu 匹配度=0.000
2026-05-18 02:52:49,189 [INFO] [等待结果] dianjikongbai 匹配度=0.217
2026-05-18 02:52:49,190 [INFO] [等待结果] panduandiaoyu 匹配度=0.000
2026-05-18 02:52:49,417 [INFO] [等待结果] dianjikongbai 匹配度=0.279
2026-05-18 02:52:49,418 [INFO] [等待结果] panduandiaoyu 匹配度=0.000
2026-05-18 02:52:49,640 [INFO] [等待结果] dianjikongbai 匹配度=0.293
2026-05-18 02:52:49,641 [INFO] [等待结果] panduandiaoyu 匹配度=0.000
2026-05-18 02:52:49,858 [INFO] [等待结果] dianjikongbai 匹配度=0.318
2026-05-18 02:52:49,862 [INFO] [等待结果] panduandiaoyu 匹配度=0.000
2026-05-18 02:52:50,064 [INFO] [等待结果] dianjikongbai 匹配度=0.280
2026-05-18 02:52:50,435 [INFO] [等待结果] dianjikongbai 匹配度=0.253
2026-05-18 02:52:50,437 [INFO] [等待结果] panduandiaoyu 匹配度=0.349
2026-05-18 02:52:50,650 [INFO] [等待结果] dianjikongbai 匹配度=0.231
2026-05-18 02:52:50,651 [INFO] [等待结果] panduandiaoyu 匹配度=0.375
2026-05-18 02:52:50,869 [INFO] [等待结果] dianjikongbai 匹配度=0.226
2026-05-18 02:52:50,871 [INFO] [等待结果] panduandiaoyu 匹配度=0.409
2026-05-18 02:52:51,234 [INFO] [等待结果] dianjikongbai 匹配度=0.269
2026-05-18 02:52:51,235 [INFO] [等待结果] panduandiaoyu 匹配度=0.319
2026-05-18 02:52:51,450 [INFO] [等待结果] dianjikongbai 匹配度=0.263
2026-05-18 02:52:51,455 [INFO] [等待结果] panduandiaoyu 匹配度=0.296
2026-05-18 02:52:51,674 [INFO] [等待结果] dianjikongbai 匹配度=0.219
2026-05-18 02:52:51,675 [INFO] [等待结果] panduandiaoyu 匹配度=0.231
2026-05-18 02:52:51,895 [INFO] [等待结果] dianjikongbai 匹配度=0.224
2026-05-18 02:52:51,896 [INFO] [等待结果] panduandiaoyu 匹配度=0.243
2026-05-18 02:52:52,115 [INFO] [等待结果] dianjikongbai 匹配度=0.227
2026-05-18 02:52:52,115 [INFO] [等待结果] panduandiaoyu 匹配度=0.234
2026-05-18 02:52:52,374 [INFO] [鱼获识别] fish_gone 匹配度=0.109
2026-05-18 02:52:52,374 [INFO] [鱼获识别] rank_s 匹配度=0.581
2026-05-18 02:52:52,375 [INFO] [鱼获识别] rank_a 匹配度=0.445
2026-05-18 02:52:52,376 [INFO] [鱼获识别] rank_b 匹配度=0.980
2026-05-18 02:52:52,376 [INFO] 钓起B级鱼
2026-05-18 02:52:52,376 [INFO] 钓鱼成功，后台按 ESC
2026-05-18 02:52:53,946 [INFO] 开始监测图像...
2026-05-18 02:52:53,996 [INFO] 当前在钓鱼界面全速后台钓鱼
2026-05-18 02:52:54,045 [INFO] 检测到鱼钩，开始持续按F
2026-05-18 02:53:00,795 [INFO] 检测到结束图标，停止按F
2026-05-18 02:53:00,795 [INFO] 启动跟随
2026-05-18 02:53:00,798 [INFO] 等待结果...
2026-05-18 02:53:00,868 [INFO] [等待结果] dianjikongbai 匹配度=0.226
2026-05-18 02:53:00,870 [INFO] [等待结果] panduandiaoyu 匹配度=0.135
2026-05-18 02:53:01,085 [INFO] [等待结果] dianjikongbai 匹配度=0.341
2026-05-18 02:53:01,085 [INFO] [等待结果] panduandiaoyu 匹配度=0.070
2026-05-18 02:53:01,303 [INFO] [等待结果] dianjikongbai 匹配度=0.344
2026-05-18 02:53:01,304 [INFO] [等待结果] panduandiaoyu 匹配度=0.034
2026-05-18 02:53:01,534 [INFO] [等待结果] dianjikongbai 匹配度=0.339
2026-05-18 02:53:01,534 [INFO] [等待结果] panduandiaoyu 匹配度=0.070
2026-05-18 02:53:01,764 [INFO] [等待结果] dianjikongbai 匹配度=0.351
2026-05-18 02:53:01,766 [INFO] [等待结果] panduandiaoyu 匹配度=0.042
2026-05-18 02:53:01,988 [INFO] [等待结果] dianjikongbai 匹配度=0.237
2026-05-18 02:53:01,989 [INFO] [等待结果] panduandiaoyu 匹配度=0.120
2026-05-18 02:53:02,217 [INFO] [等待结果] dianjikongbai 匹配度=0.236
2026-05-18 02:53:02,217 [INFO] [等待结果] panduandiaoyu 匹配度=0.119
2026-05-18 02:53:02,438 [INFO] [等待结果] dianjikongbai 匹配度=0.304
2026-05-18 02:53:02,439 [INFO] [等待结果] panduandiaoyu 匹配度=0.000
2026-05-18 02:53:02,677 [INFO] [等待结果] dianjikongbai 匹配度=0.293
2026-05-18 02:53:02,678 [INFO] [等待结果] panduandiaoyu 匹配度=0.000
2026-05-18 02:53:02,906 [INFO] [等待结果] dianjikongbai 匹配度=0.311
2026-05-18 02:53:02,907 [INFO] [等待结果] panduandiaoyu 匹配度=0.000
2026-05-18 02:53:03,123 [INFO] [等待结果] dianjikongbai 匹配度=0.261
2026-05-18 02:53:03,124 [INFO] [等待结果] panduandiaoyu 匹配度=0.000
2026-05-18 02:53:03,337 [INFO] [等待结果] dianjikongbai 匹配度=0.357
2026-05-18 02:53:03,338 [INFO] [等待结果] panduandiaoyu 匹配度=0.109
2026-05-18 02:53:03,561 [INFO] [等待结果] dianjikongbai 匹配度=0.409
2026-05-18 02:53:03,563 [INFO] [等待结果] panduandiaoyu 匹配度=0.000
2026-05-18 02:53:03,790 [INFO] [等待结果] dianjikongbai 匹配度=0.370
2026-05-18 02:53:03,791 [INFO] [等待结果] panduandiaoyu 匹配度=0.000
2026-05-18 02:53:04,009 [INFO] [等待结果] dianjikongbai 匹配度=0.471
2026-05-18 02:53:04,010 [INFO] [等待结果] panduandiaoyu 匹配度=0.043
2026-05-18 02:53:04,234 [INFO] [等待结果] dianjikongbai 匹配度=0.339
2026-05-18 02:53:04,235 [INFO] [等待结果] panduandiaoyu 匹配度=0.072
2026-05-18 02:53:04,450 [INFO] [等待结果] dianjikongbai 匹配度=0.326
2026-05-18 02:53:04,451 [INFO] [等待结果] panduandiaoyu 匹配度=0.069
2026-05-18 02:53:04,666 [INFO] [等待结果] dianjikongbai 匹配度=0.320
2026-05-18 02:53:04,667 [INFO] [等待结果] panduandiaoyu 匹配度=0.000
2026-05-18 02:53:04,898 [INFO] [等待结果] dianjikongbai 匹配度=0.324
2026-05-18 02:53:04,899 [INFO] [等待结果] panduandiaoyu 匹配度=0.110
2026-05-18 02:53:05,130 [INFO] [等待结果] dianjikongbai 匹配度=0.332
2026-05-18 02:53:05,131 [INFO] [等待结果] panduandiaoyu 匹配度=0.210
2026-05-18 02:53:05,339 [INFO] [等待结果] dianjikongbai 匹配度=0.327
2026-05-18 02:53:05,340 [INFO] [等待结果] panduandiaoyu 匹配度=0.171
2026-05-18 02:53:05,564 [INFO] [等待结果] dianjikongbai 匹配度=0.313
2026-05-18 02:53:05,565 [INFO] [等待结果] panduandiaoyu 匹配度=0.212
2026-05-18 02:53:05,772 [INFO] [等待结果] dianjikongbai 匹配度=0.316
2026-05-18 02:53:05,773 [INFO] [等待结果] panduandiaoyu 匹配度=0.211
2026-05-18 02:53:06,000 [INFO] [等待结果] dianjikongbai 匹配度=0.335
2026-05-18 02:53:06,001 [INFO] [等待结果] panduandiaoyu 匹配度=0.214
2026-05-18 02:53:06,220 [INFO] [等待结果] dianjikongbai 匹配度=0.331
2026-05-18 02:53:06,221 [INFO] [等待结果] panduandiaoyu 匹配度=0.177
2026-05-18 02:53:06,435 [INFO] [等待结果] dianjikongbai 匹配度=0.344
2026-05-18 02:53:06,436 [INFO] [等待结果] panduandiaoyu 匹配度=0.074
2026-05-18 02:53:06,666 [INFO] [等待结果] dianjikongbai 匹配度=0.344
2026-05-18 02:53:06,667 [INFO] [等待结果] panduandiaoyu 匹配度=0.050
2026-05-18 02:53:06,866 [INFO] [等待结果] dianjikongbai 匹配度=0.340
2026-05-18 02:53:07,214 [INFO] [等待结果] dianjikongbai 匹配度=0.279
2026-05-18 02:53:07,215 [INFO] [等待结果] panduandiaoyu 匹配度=0.317
2026-05-18 02:53:07,415 [INFO] [等待结果] dianjikongbai 匹配度=0.283
2026-05-18 02:53:07,416 [INFO] [等待结果] panduandiaoyu 匹配度=0.371
2026-05-18 02:53:07,617 [INFO] [等待结果] dianjikongbai 匹配度=0.308
2026-05-18 02:53:07,618 [INFO] [等待结果] panduandiaoyu 匹配度=0.387
2026-05-18 02:53:07,836 [INFO] [等待结果] dianjikongbai 匹配度=0.295
2026-05-18 02:53:07,838 [INFO] [等待结果] panduandiaoyu 匹配度=0.320
2026-05-18 02:53:08,054 [INFO] [等待结果] dianjikongbai 匹配度=0.285
2026-05-18 02:53:08,054 [INFO] [等待结果] panduandiaoyu 匹配度=0.315
2026-05-18 02:53:08,281 [INFO] [等待结果] dianjikongbai 匹配度=0.244
2026-05-18 02:53:08,283 [INFO] [等待结果] panduandiaoyu 匹配度=0.238
2026-05-18 02:53:08,501 [INFO] [等待结果] dianjikongbai 匹配度=0.291
2026-05-18 02:53:08,505 [INFO] [等待结果] panduandiaoyu 匹配度=0.302
2026-05-18 02:53:08,732 [INFO] [等待结果] dianjikongbai 匹配度=0.238
2026-05-18 02:53:08,733 [INFO] [等待结果] panduandiaoyu 匹配度=0.258
2026-05-18 02:53:08,950 [INFO] [等待结果] dianjikongbai 匹配度=0.413
2026-05-18 02:53:08,950 [INFO] [等待结果] panduandiaoyu 匹配度=0.314
2026-05-18 02:53:09,218 [INFO] [鱼获识别] fish_gone 匹配度=-0.107
2026-05-18 02:53:09,218 [INFO] [鱼获识别] rank_s 匹配度=0.509
2026-05-18 02:53:09,218 [INFO] [鱼获识别] rank_a 匹配度=0.999
2026-05-18 02:53:09,219 [INFO] [鱼获识别] rank_b 匹配度=0.552
2026-05-18 02:53:09,219 [INFO] 钓起A级鱼
2026-05-18 02:53:09,219 [INFO] 钓鱼成功，后台按 ESC
2026-05-18 02:53:10,785 [INFO] 开始监测图像...
2026-05-18 02:53:10,846 [INFO] 当前在钓鱼界面全速后台钓鱼
2026-05-18 02:53:10,908 [INFO] 检测到鱼钩，开始持续按F
2026-05-18 02:53:15,891 [INFO] 检测到结束图标，停止按F
2026-05-18 02:53:15,892 [INFO] 启动跟随
2026-05-18 02:53:15,894 [INFO] 等待结果...
2026-05-18 02:53:15,971 [INFO] [等待结果] dianjikongbai 匹配度=0.332
2026-05-18 02:53:15,973 [INFO] [等待结果] panduandiaoyu 匹配度=0.032
2026-05-18 02:53:16,177 [INFO] [等待结果] dianjikongbai 匹配度=0.342
2026-05-18 02:53:16,179 [INFO] [等待结果] panduandiaoyu 匹配度=0.069
2026-05-18 02:53:16,389 [INFO] [等待结果] dianjikongbai 匹配度=0.348
2026-05-18 02:53:16,390 [INFO] [等待结果] panduandiaoyu 匹配度=0.000
2026-05-18 02:53:16,623 [INFO] [等待结果] dianjikongbai 匹配度=0.323
2026-05-18 02:53:16,624 [INFO] [等待结果] panduandiaoyu 匹配度=0.020
2026-05-18 02:53:16,848 [INFO] [等待结果] dianjikongbai 匹配度=0.341
2026-05-18 02:53:16,849 [INFO] [等待结果] panduandiaoyu 匹配度=0.098
2026-05-18 02:53:17,072 [INFO] [等待结果] dianjikongbai 匹配度=0.322
2026-05-18 02:53:17,073 [INFO] [等待结果] panduandiaoyu 匹配度=0.206
2026-05-18 02:53:17,300 [INFO] [等待结果] dianjikongbai 匹配度=0.320
2026-05-18 02:53:17,301 [INFO] [等待结果] panduandiaoyu 匹配度=0.223
2026-05-18 02:53:17,495 [INFO] [等待结果] dianjikongbai 匹配度=0.319
2026-05-18 02:53:17,496 [INFO] [等待结果] panduandiaoyu 匹配度=0.221
2026-05-18 02:53:17,701 [INFO] [等待结果] dianjikongbai 匹配度=0.328
2026-05-18 02:53:17,702 [INFO] [等待结果] panduandiaoyu 匹配度=0.217
2026-05-18 02:53:17,911 [INFO] [等待结果] dianjikongbai 匹配度=0.334
2026-05-18 02:53:17,912 [INFO] [等待结果] panduandiaoyu 匹配度=0.209
2026-05-18 02:53:18,122 [INFO] [等待结果] dianjikongbai 匹配度=0.336
2026-05-18 02:53:18,123 [INFO] [等待结果] panduandiaoyu 匹配度=0.236
2026-05-18 02:53:18,357 [INFO] [等待结果] dianjikongbai 匹配度=0.334
2026-05-18 02:53:18,359 [INFO] [等待结果] panduandiaoyu 匹配度=0.202
2026-05-18 02:53:18,567 [INFO] [等待结果] dianjikongbai 匹配度=0.341
2026-05-18 02:53:18,567 [INFO] [等待结果] panduandiaoyu 匹配度=0.000
2026-05-18 02:53:18,786 [INFO] [等待结果] dianjikongbai 匹配度=0.345
2026-05-18 02:53:18,789 [INFO] [等待结果] panduandiaoyu 匹配度=0.000
2026-05-18 02:53:18,997 [INFO] [等待结果] dianjikongbai 匹配度=0.163
2026-05-18 02:53:18,997 [INFO] [等待结果] panduandiaoyu 匹配度=0.000
2026-05-18 02:53:19,195 [INFO] [等待结果] dianjikongbai 匹配度=0.222
2026-05-18 02:53:19,197 [INFO] [等待结果] panduandiaoyu 匹配度=0.070
2026-05-18 02:53:19,425 [INFO] [等待结果] dianjikongbai 匹配度=0.248
2026-05-18 02:53:19,426 [INFO] [等待结果] panduandiaoyu 匹配度=0.009
2026-05-18 02:53:19,653 [INFO] [等待结果] dianjikongbai 匹配度=0.248
2026-05-18 02:53:19,654 [INFO] [等待结果] panduandiaoyu 匹配度=0.000
2026-05-18 02:53:19,867 [INFO] [等待结果] dianjikongbai 匹配度=0.277
2026-05-18 02:53:19,868 [INFO] [等待结果] panduandiaoyu 匹配度=0.000
2026-05-18 02:53:20,093 [INFO] [等待结果] dianjikongbai 匹配度=0.406
2026-05-18 02:53:20,093 [INFO] [等待结果] panduandiaoyu 匹配度=0.000
2026-05-18 02:53:20,325 [INFO] [等待结果] dianjikongbai 匹配度=0.377
2026-05-18 02:53:20,325 [INFO] [等待结果] panduandiaoyu 匹配度=0.134
2026-05-18 02:53:20,548 [INFO] [等待结果] dianjikongbai 匹配度=0.257
2026-05-18 02:53:20,549 [INFO] [等待结果] panduandiaoyu 匹配度=0.158
2026-05-18 02:53:20,769 [INFO] [等待结果] dianjikongbai 匹配度=0.243
2026-05-18 02:53:20,770 [INFO] [等待结果] panduandiaoyu 匹配度=0.000
2026-05-18 02:53:20,982 [INFO] [等待结果] dianjikongbai 匹配度=0.259
2026-05-18 02:53:20,983 [INFO] [等待结果] panduandiaoyu 匹配度=0.116
2026-05-18 02:53:21,210 [INFO] [等待结果] dianjikongbai 匹配度=0.281
2026-05-18 02:53:21,211 [INFO] [等待结果] panduandiaoyu 匹配度=0.000
2026-05-18 02:53:21,441 [INFO] [等待结果] dianjikongbai 匹配度=0.271
2026-05-18 02:53:21,442 [INFO] [等待结果] panduandiaoyu 匹配度=0.000
2026-05-18 02:53:21,665 [INFO] [等待结果] dianjikongbai 匹配度=0.280
2026-05-18 02:53:22,017 [INFO] [等待结果] dianjikongbai 匹配度=0.247
2026-05-18 02:53:22,017 [INFO] [等待结果] panduandiaoyu 匹配度=0.239
2026-05-18 02:53:22,224 [INFO] [等待结果] dianjikongbai 匹配度=0.221
2026-05-18 02:53:22,226 [INFO] [等待结果] panduandiaoyu 匹配度=0.253
2026-05-18 02:53:22,440 [INFO] [等待结果] dianjikongbai 匹配度=0.232
2026-05-18 02:53:22,441 [INFO] [等待结果] panduandiaoyu 匹配度=0.277
2026-05-18 02:53:22,664 [INFO] [等待结果] dianjikongbai 匹配度=0.258
2026-05-18 02:53:22,665 [INFO] [等待结果] panduandiaoyu 匹配度=0.327
2026-05-18 02:53:22,869 [INFO] [等待结果] dianjikongbai 匹配度=0.268
2026-05-18 02:53:22,871 [INFO] [等待结果] panduandiaoyu 匹配度=0.252
2026-05-18 02:53:23,082 [INFO] [等待结果] dianjikongbai 匹配度=0.262
2026-05-18 02:53:23,083 [INFO] [等待结果] panduandiaoyu 匹配度=0.261
2026-05-18 02:53:23,284 [INFO] [等待结果] dianjikongbai 匹配度=0.274
2026-05-18 02:53:23,285 [INFO] [等待结果] panduandiaoyu 匹配度=0.260
2026-05-18 02:53:23,499 [INFO] [等待结果] dianjikongbai 匹配度=0.241
2026-05-18 02:53:23,500 [INFO] [等待结果] panduandiaoyu 匹配度=0.261
2026-05-18 02:53:23,708 [INFO] [等待结果] dianjikongbai 匹配度=0.240
2026-05-18 02:53:23,710 [INFO] [等待结果] panduandiaoyu 匹配度=0.318
2026-05-18 02:53:23,985 [INFO] [鱼获识别] fish_gone 匹配度=0.126
2026-05-18 02:53:23,987 [INFO] [鱼获识别] rank_s 匹配度=0.581
2026-05-18 02:53:23,988 [INFO] [鱼获识别] rank_a 匹配度=0.445
2026-05-18 02:53:23,989 [INFO] [鱼获识别] rank_b 匹配度=0.979
2026-05-18 02:53:23,989 [INFO] 钓起B级鱼
2026-05-18 02:53:23,989 [INFO] 钓鱼成功，后台按 ESC
2026-05-18 02:53:25,559 [INFO] 开始监测图像...
2026-05-18 02:53:25,614 [INFO] 当前在钓鱼界面全速后台钓鱼
2026-05-18 02:53:25,656 [INFO] 检测到鱼钩，开始持续按F
2026-05-18 02:53:30,741 [INFO] 检测到结束图标，停止按F
2026-05-18 02:53:30,741 [INFO] 启动跟随
2026-05-18 02:53:30,745 [INFO] 等待结果...
2026-05-18 02:53:30,818 [INFO] [等待结果] dianjikongbai 匹配度=0.337
2026-05-18 02:53:30,819 [INFO] [等待结果] panduandiaoyu 匹配度=0.091
2026-05-18 02:53:31,060 [INFO] [等待结果] dianjikongbai 匹配度=0.343
2026-05-18 02:53:31,061 [INFO] [等待结果] panduandiaoyu 匹配度=0.000
2026-05-18 02:53:31,295 [INFO] [等待结果] dianjikongbai 匹配度=0.332
2026-05-18 02:53:31,296 [INFO] [等待结果] panduandiaoyu 匹配度=0.066
2026-05-18 02:53:31,500 [INFO] [等待结果] dianjikongbai 匹配度=0.330
2026-05-18 02:53:31,501 [INFO] [等待结果] panduandiaoyu 匹配度=0.000
2026-05-18 02:53:31,720 [INFO] [等待结果] dianjikongbai 匹配度=0.329
2026-05-18 02:53:31,721 [INFO] [等待结果] panduandiaoyu 匹配度=0.000
2026-05-18 02:53:31,935 [INFO] [等待结果] dianjikongbai 匹配度=0.312
2026-05-18 02:53:31,937 [INFO] [等待结果] panduandiaoyu 匹配度=0.060
2026-05-18 02:53:32,166 [INFO] [等待结果] dianjikongbai 匹配度=0.325
2026-05-18 02:53:32,167 [INFO] [等待结果] panduandiaoyu 匹配度=0.000
2026-05-18 02:53:32,395 [INFO] [等待结果] dianjikongbai 匹配度=0.344
2026-05-18 02:53:32,396 [INFO] [等待结果] panduandiaoyu 匹配度=0.070
2026-05-18 02:53:32,616 [INFO] [等待结果] dianjikongbai 匹配度=0.343
2026-05-18 02:53:32,618 [INFO] [等待结果] panduandiaoyu 匹配度=0.000
2026-05-18 02:53:32,837 [INFO] [等待结果] dianjikongbai 匹配度=0.334
2026-05-18 02:53:32,839 [INFO] [等待结果] panduandiaoyu 匹配度=0.000
2026-05-18 02:53:33,077 [INFO] [等待结果] dianjikongbai 匹配度=0.322
2026-05-18 02:53:33,078 [INFO] [等待结果] panduandiaoyu 匹配度=0.000
2026-05-18 02:53:33,292 [INFO] [等待结果] dianjikongbai 匹配度=0.339
2026-05-18 02:53:33,293 [INFO] [等待结果] panduandiaoyu 匹配度=0.000
2026-05-18 02:53:33,517 [INFO] [等待结果] dianjikongbai 匹配度=0.337
2026-05-18 02:53:33,518 [INFO] [等待结果] panduandiaoyu 匹配度=0.000
2026-05-18 02:53:33,721 [INFO] [等待结果] dianjikongbai 匹配度=0.334
2026-05-18 02:53:33,722 [INFO] [等待结果] panduandiaoyu 匹配度=0.000
2026-05-18 02:53:33,945 [INFO] [等待结果] dianjikongbai 匹配度=0.353
2026-05-18 02:53:33,948 [INFO] [等待结果] panduandiaoyu 匹配度=0.000
2026-05-18 02:53:34,176 [INFO] [等待结果] dianjikongbai 匹配度=0.350
2026-05-18 02:53:34,178 [INFO] [等待结果] panduandiaoyu 匹配度=0.000
2026-05-18 02:53:34,415 [INFO] [等待结果] dianjikongbai 匹配度=0.334
2026-05-18 02:53:34,417 [INFO] [等待结果] panduandiaoyu 匹配度=0.000
2026-05-18 02:53:34,656 [INFO] [等待结果] dianjikongbai 匹配度=0.356
2026-05-18 02:53:34,657 [INFO] [等待结果] panduandiaoyu 匹配度=0.000
2026-05-18 02:53:34,886 [INFO] [等待结果] dianjikongbai 匹配度=0.343
2026-05-18 02:53:34,888 [INFO] [等待结果] panduandiaoyu 匹配度=0.000
2026-05-18 02:53:35,119 [INFO] [等待结果] dianjikongbai 匹配度=0.340
2026-05-18 02:53:35,122 [INFO] [等待结果] panduandiaoyu 匹配度=0.000
2026-05-18 02:53:35,343 [INFO] [等待结果] dianjikongbai 匹配度=0.331
2026-05-18 02:53:35,345 [INFO] [等待结果] panduandiaoyu 匹配度=0.050
2026-05-18 02:53:35,558 [INFO] [等待结果] dianjikongbai 匹配度=0.345
2026-05-18 02:53:35,925 [INFO] [等待结果] dianjikongbai 匹配度=0.299
2026-05-18 02:53:35,926 [INFO] [等待结果] panduandiaoyu 匹配度=0.269
2026-05-18 02:53:36,148 [INFO] [等待结果] dianjikongbai 匹配度=0.337
2026-05-18 02:53:36,150 [INFO] [等待结果] panduandiaoyu 匹配度=0.276
2026-05-18 02:53:36,378 [INFO] [等待结果] dianjikongbai 匹配度=0.213
2026-05-18 02:53:36,380 [INFO] [等待结果] panduandiaoyu 匹配度=0.296
2026-05-18 02:53:36,614 [INFO] [等待结果] dianjikongbai 匹配度=0.208
2026-05-18 02:53:36,615 [INFO] [等待结果] panduandiaoyu 匹配度=0.278
2026-05-18 02:53:36,831 [INFO] [等待结果] dianjikongbai 匹配度=0.200
2026-05-18 02:53:36,832 [INFO] [等待结果] panduandiaoyu 匹配度=0.289
2026-05-18 02:53:37,077 [INFO] [等待结果] dianjikongbai 匹配度=0.260
2026-05-18 02:53:37,078 [INFO] [等待结果] panduandiaoyu 匹配度=0.350
2026-05-18 02:53:37,308 [INFO] [等待结果] dianjikongbai 匹配度=0.307
2026-05-18 02:53:37,311 [INFO] [等待结果] panduandiaoyu 匹配度=0.257
2026-05-18 02:53:37,540 [INFO] [等待结果] dianjikongbai 匹配度=0.203
2026-05-18 02:53:37,541 [INFO] [等待结果] panduandiaoyu 匹配度=0.255
2026-05-18 02:53:37,775 [INFO] [等待结果] dianjikongbai 匹配度=0.695
2026-05-18 02:53:37,776 [INFO] [等待结果] panduandiaoyu 匹配度=0.300
2026-05-18 02:53:38,088 [INFO] [鱼获识别] fish_gone 匹配度=0.085
2026-05-18 02:53:38,088 [INFO] [鱼获识别] rank_s 匹配度=0.517
2026-05-18 02:53:38,089 [INFO] [鱼获识别] rank_a 匹配度=0.996
2026-05-18 02:53:38,090 [INFO] [鱼获识别] rank_b 匹配度=0.560
2026-05-18 02:53:38,090 [INFO] 钓起A级鱼
2026-05-18 02:53:38,090 [INFO] 钓鱼成功，后台按 ESC
2026-05-18 02:53:39,661 [INFO] 开始监测图像...
2026-05-18 02:53:39,731 [INFO] 当前在钓鱼界面全速后台钓鱼
2026-05-18 02:53:39,794 [INFO] 检测到鱼钩，开始持续按F
2026-05-18 02:53:46,706 [INFO] 检测到结束图标，停止按F
2026-05-18 02:53:46,707 [INFO] 启动跟随
2026-05-18 02:53:46,712 [INFO] 等待结果...
2026-05-18 02:53:46,789 [INFO] [等待结果] dianjikongbai 匹配度=0.346
2026-05-18 02:53:46,790 [INFO] [等待结果] panduandiaoyu 匹配度=0.221
2026-05-18 02:53:47,036 [INFO] [等待结果] dianjikongbai 匹配度=0.339
2026-05-18 02:53:47,039 [INFO] [等待结果] panduandiaoyu 匹配度=0.287
2026-05-18 02:53:47,268 [INFO] [等待结果] dianjikongbai 匹配度=0.346
2026-05-18 02:53:47,272 [INFO] [等待结果] panduandiaoyu 匹配度=0.280
2026-05-18 02:53:47,493 [INFO] [等待结果] dianjikongbai 匹配度=0.342
2026-05-18 02:53:47,494 [INFO] [等待结果] panduandiaoyu 匹配度=0.344
2026-05-18 02:53:47,717 [INFO] [等待结果] dianjikongbai 匹配度=0.338
2026-05-18 02:53:47,718 [INFO] [等待结果] panduandiaoyu 匹配度=0.330
2026-05-18 02:53:47,962 [INFO] [等待结果] dianjikongbai 匹配度=0.334
2026-05-18 02:53:47,963 [INFO] [等待结果] panduandiaoyu 匹配度=0.325
2026-05-18 02:53:48,194 [INFO] [等待结果] dianjikongbai 匹配度=0.321
2026-05-18 02:53:48,195 [INFO] [等待结果] panduandiaoyu 匹配度=0.286
2026-05-18 02:53:48,416 [INFO] [等待结果] dianjikongbai 匹配度=0.317
2026-05-18 02:53:48,418 [INFO] [等待结果] panduandiaoyu 匹配度=0.272
2026-05-18 02:53:48,665 [INFO] [等待结果] dianjikongbai 匹配度=0.336
2026-05-18 02:53:48,666 [INFO] [等待结果] panduandiaoyu 匹配度=0.296
2026-05-18 02:53:48,914 [INFO] [等待结果] dianjikongbai 匹配度=0.337
2026-05-18 02:53:48,915 [INFO] [等待结果] panduandiaoyu 匹配度=0.291
2026-05-18 02:53:49,131 [INFO] [等待结果] dianjikongbai 匹配度=0.334
2026-05-18 02:53:49,133 [INFO] [等待结果] panduandiaoyu 匹配度=0.267
2026-05-18 02:53:49,365 [INFO] [等待结果] dianjikongbai 匹配度=0.322
2026-05-18 02:53:49,367 [INFO] [等待结果] panduandiaoyu 匹配度=0.290
2026-05-18 02:53:49,600 [INFO] [等待结果] dianjikongbai 匹配度=0.307
2026-05-18 02:53:49,602 [INFO] [等待结果] panduandiaoyu 匹配度=0.267
2026-05-18 02:53:49,836 [INFO] [等待结果] dianjikongbai 匹配度=0.317
2026-05-18 02:53:49,837 [INFO] [等待结果] panduandiaoyu 匹配度=0.414
2026-05-18 02:53:50,056 [INFO] [等待结果] dianjikongbai 匹配度=0.314
2026-05-18 02:53:50,057 [INFO] [等待结果] panduandiaoyu 匹配度=0.457
2026-05-18 02:53:50,280 [INFO] [等待结果] dianjikongbai 匹配度=0.314
2026-05-18 02:53:50,282 [INFO] [等待结果] panduandiaoyu 匹配度=0.283
2026-05-18 02:53:50,490 [INFO] [等待结果] dianjikongbai 匹配度=0.330
2026-05-18 02:53:50,492 [INFO] [等待结果] panduandiaoyu 匹配度=0.273
2026-05-18 02:53:50,871 [INFO] [等待结果] dianjikongbai 匹配度=0.328
2026-05-18 02:53:50,872 [INFO] [等待结果] panduandiaoyu 匹配度=0.271
2026-05-18 02:53:51,096 [INFO] [等待结果] dianjikongbai 匹配度=0.331
2026-05-18 02:53:51,097 [INFO] [等待结果] panduandiaoyu 匹配度=0.258
2026-05-18 02:53:51,306 [INFO] [等待结果] dianjikongbai 匹配度=0.316
2026-05-18 02:53:51,308 [INFO] [等待结果] panduandiaoyu 匹配度=0.166
2026-05-18 02:53:51,526 [INFO] [等待结果] dianjikongbai 匹配度=0.306
2026-05-18 02:53:51,886 [INFO] [等待结果] dianjikongbai 匹配度=0.314
2026-05-18 02:53:51,887 [INFO] [等待结果] panduandiaoyu 匹配度=0.234
2026-05-18 02:53:52,109 [INFO] [等待结果] dianjikongbai 匹配度=0.287
2026-05-18 02:53:52,110 [INFO] [等待结果] panduandiaoyu 匹配度=0.248
2026-05-18 02:53:52,344 [INFO] [等待结果] dianjikongbai 匹配度=0.253
2026-05-18 02:53:52,345 [INFO] [等待结果] panduandiaoyu 匹配度=0.222
2026-05-18 02:53:52,569 [INFO] [等待结果] dianjikongbai 匹配度=0.260
2026-05-18 02:53:52,573 [INFO] [等待结果] panduandiaoyu 匹配度=0.240
2026-05-18 02:53:52,791 [INFO] [等待结果] dianjikongbai 匹配度=0.250
2026-05-18 02:53:52,792 [INFO] [等待结果] panduandiaoyu 匹配度=0.271
2026-05-18 02:53:53,000 [INFO] [等待结果] dianjikongbai 匹配度=0.282
2026-05-18 02:53:53,001 [INFO] [等待结果] panduandiaoyu 匹配度=0.271
2026-05-18 02:53:53,220 [INFO] [等待结果] dianjikongbai 匹配度=0.335
2026-05-18 02:53:53,222 [INFO] [等待结果] panduandiaoyu 匹配度=0.212
2026-05-18 02:53:53,452 [INFO] [等待结果] dianjikongbai 匹配度=0.251
2026-05-18 02:53:53,454 [INFO] [等待结果] panduandiaoyu 匹配度=0.340
2026-05-18 02:53:53,667 [INFO] [等待结果] dianjikongbai 匹配度=0.546
2026-05-18 02:53:53,668 [INFO] [等待结果] panduandiaoyu 匹配度=0.336
2026-05-18 02:53:53,961 [INFO] [鱼获识别] fish_gone 匹配度=0.035
2026-05-18 02:53:53,961 [INFO] [鱼获识别] rank_s 匹配度=0.581
2026-05-18 02:53:53,962 [INFO] [鱼获识别] rank_a 匹配度=0.445
2026-05-18 02:53:53,962 [INFO] [鱼获识别] rank_b 匹配度=0.968
2026-05-18 02:53:53,962 [INFO] 钓起B级鱼
2026-05-18 02:53:53,962 [INFO] 钓鱼成功，后台按 ESC
2026-05-18 02:53:55,529 [INFO] 开始监测图像...
2026-05-18 02:53:55,578 [INFO] 当前在钓鱼界面全速后台钓鱼
2026-05-18 02:53:55,626 [INFO] 检测到鱼钩，开始持续按F
2026-05-18 02:54:00,546 [INFO] 检测到结束图标，停止按F
2026-05-18 02:54:00,546 [INFO] 启动跟随
2026-05-18 02:54:00,548 [INFO] 等待结果...
2026-05-18 02:54:00,623 [INFO] [等待结果] dianjikongbai 匹配度=0.358
2026-05-18 02:54:00,624 [INFO] [等待结果] panduandiaoyu 匹配度=0.472
2026-05-18 02:54:00,841 [INFO] [等待结果] dianjikongbai 匹配度=0.357
2026-05-18 02:54:00,842 [INFO] [等待结果] panduandiaoyu 匹配度=0.390
2026-05-18 02:54:01,079 [INFO] [等待结果] dianjikongbai 匹配度=0.347
2026-05-18 02:54:01,080 [INFO] [等待结果] panduandiaoyu 匹配度=0.494
2026-05-18 02:54:01,321 [INFO] [等待结果] dianjikongbai 匹配度=0.353
2026-05-18 02:54:01,323 [INFO] [等待结果] panduandiaoyu 匹配度=0.489
2026-05-18 02:54:01,565 [INFO] [等待结果] dianjikongbai 匹配度=0.354
2026-05-18 02:54:01,567 [INFO] [等待结果] panduandiaoyu 匹配度=0.351
2026-05-18 02:54:01,791 [INFO] [等待结果] dianjikongbai 匹配度=0.356
2026-05-18 02:54:01,792 [INFO] [等待结果] panduandiaoyu 匹配度=0.416
2026-05-18 02:54:02,231 [INFO] [等待结果] dianjikongbai 匹配度=0.350
2026-05-18 02:54:02,251 [INFO] [等待结果] panduandiaoyu 匹配度=0.599
2026-05-18 02:54:02,495 [INFO] [等待结果] dianjikongbai 匹配度=0.354
2026-05-18 02:54:02,496 [INFO] [等待结果] panduandiaoyu 匹配度=0.291
2026-05-18 02:54:02,753 [INFO] [等待结果] dianjikongbai 匹配度=0.341
2026-05-18 02:54:02,754 [INFO] [等待结果] panduandiaoyu 匹配度=0.288
2026-05-18 02:54:02,982 [INFO] [等待结果] dianjikongbai 匹配度=0.319
2026-05-18 02:54:02,983 [INFO] [等待结果] panduandiaoyu 匹配度=0.291
2026-05-18 02:54:03,226 [INFO] [等待结果] dianjikongbai 匹配度=0.326
2026-05-18 02:54:03,227 [INFO] [等待结果] panduandiaoyu 匹配度=0.289
2026-05-18 02:54:03,444 [INFO] [等待结果] dianjikongbai 匹配度=0.321
2026-05-18 02:54:03,450 [INFO] [等待结果] panduandiaoyu 匹配度=0.273
2026-05-18 02:54:03,688 [INFO] [等待结果] dianjikongbai 匹配度=0.315
2026-05-18 02:54:03,689 [INFO] [等待结果] panduandiaoyu 匹配度=0.280
2026-05-18 02:54:03,914 [INFO] [等待结果] dianjikongbai 匹配度=0.311
2026-05-18 02:54:03,916 [INFO] [等待结果] panduandiaoyu 匹配度=0.279
2026-05-18 02:54:04,147 [INFO] [等待结果] dianjikongbai 匹配度=0.336
2026-05-18 02:54:04,148 [INFO] [等待结果] panduandiaoyu 匹配度=0.480
2026-05-18 02:54:04,361 [INFO] [等待结果] dianjikongbai 匹配度=0.329
2026-05-18 02:54:04,363 [INFO] [等待结果] panduandiaoyu 匹配度=0.545
2026-05-18 02:54:04,601 [INFO] [等待结果] dianjikongbai 匹配度=0.335
2026-05-18 02:54:04,603 [INFO] [等待结果] panduandiaoyu 匹配度=0.286
2026-05-18 02:54:04,832 [INFO] [等待结果] dianjikongbai 匹配度=0.341
2026-05-18 02:54:04,834 [INFO] [等待结果] panduandiaoyu 匹配度=0.248
2026-05-18 02:54:05,066 [INFO] [等待结果] dianjikongbai 匹配度=0.331
2026-05-18 02:54:05,067 [INFO] [等待结果] panduandiaoyu 匹配度=0.135
2026-05-18 02:54:05,301 [INFO] [等待结果] dianjikongbai 匹配度=0.320
2026-05-18 02:54:05,678 [INFO] [等待结果] dianjikongbai 匹配度=0.277
2026-05-18 02:54:05,679 [INFO] [等待结果] panduandiaoyu 匹配度=0.247
2026-05-18 02:54:05,899 [INFO] [等待结果] dianjikongbai 匹配度=0.189
2026-05-18 02:54:05,901 [INFO] [等待结果] panduandiaoyu 匹配度=0.271
2026-05-18 02:54:06,133 [INFO] [等待结果] dianjikongbai 匹配度=0.196
2026-05-18 02:54:06,134 [INFO] [等待结果] panduandiaoyu 匹配度=0.329
2026-05-18 02:54:06,387 [INFO] [等待结果] dianjikongbai 匹配度=0.184
2026-05-18 02:54:06,388 [INFO] [等待结果] panduandiaoyu 匹配度=0.235
2026-05-18 02:54:06,617 [INFO] [等待结果] dianjikongbai 匹配度=0.253
2026-05-18 02:54:06,629 [INFO] [等待结果] panduandiaoyu 匹配度=0.294
2026-05-18 02:54:06,877 [INFO] [等待结果] dianjikongbai 匹配度=0.310
2026-05-18 02:54:06,878 [INFO] [等待结果] panduandiaoyu 匹配度=0.259
2026-05-18 02:54:07,116 [INFO] [等待结果] dianjikongbai 匹配度=0.279
2026-05-18 02:54:07,118 [INFO] [等待结果] panduandiaoyu 匹配度=0.240
2026-05-18 02:54:07,380 [INFO] [等待结果] dianjikongbai 匹配度=0.464
2026-05-18 02:54:07,381 [INFO] [等待结果] panduandiaoyu 匹配度=0.235
2026-05-18 02:54:07,680 [INFO] [鱼获识别] fish_gone 匹配度=0.085
2026-05-18 02:54:07,681 [INFO] [鱼获识别] rank_s 匹配度=0.581
2026-05-18 02:54:07,682 [INFO] [鱼获识别] rank_a 匹配度=0.445
2026-05-18 02:54:07,683 [INFO] [鱼获识别] rank_b 匹配度=0.973
2026-05-18 02:54:07,684 [INFO] 钓起B级鱼
2026-05-18 02:54:07,684 [INFO] 钓鱼成功，后台按 ESC
2026-05-18 02:54:09,251 [INFO] 开始监测图像...
2026-05-18 02:54:09,324 [INFO] 当前在钓鱼界面全速后台钓鱼
2026-05-18 02:54:09,387 [INFO] 检测到鱼钩，开始持续按F
2026-05-18 02:54:16,313 [INFO] 检测到结束图标，停止按F
2026-05-18 02:54:16,314 [INFO] 启动跟随
2026-05-18 02:54:16,317 [INFO] 等待结果...
2026-05-18 02:54:16,414 [INFO] [等待结果] dianjikongbai 匹配度=0.353
2026-05-18 02:54:16,415 [INFO] [等待结果] panduandiaoyu 匹配度=0.359
2026-05-18 02:54:16,665 [INFO] [等待结果] dianjikongbai 匹配度=0.353
2026-05-18 02:54:16,670 [INFO] [等待结果] panduandiaoyu 匹配度=0.272
2026-05-18 02:54:16,910 [INFO] [等待结果] dianjikongbai 匹配度=0.347
2026-05-18 02:54:16,911 [INFO] [等待结果] panduandiaoyu 匹配度=0.227
2026-05-18 02:54:17,143 [INFO] [等待结果] dianjikongbai 匹配度=0.324
2026-05-18 02:54:17,145 [INFO] [等待结果] panduandiaoyu 匹配度=0.150
2026-05-18 02:54:17,376 [INFO] [等待结果] dianjikongbai 匹配度=0.313
2026-05-18 02:54:17,377 [INFO] [等待结果] panduandiaoyu 匹配度=0.194
2026-05-18 02:54:17,595 [INFO] [等待结果] dianjikongbai 匹配度=0.319
2026-05-18 02:54:17,596 [INFO] [等待结果] panduandiaoyu 匹配度=0.222
2026-05-18 02:54:17,847 [INFO] [等待结果] dianjikongbai 匹配度=0.309
2026-05-18 02:54:17,849 [INFO] [等待结果] panduandiaoyu 匹配度=0.243
2026-05-18 02:54:18,081 [INFO] [等待结果] dianjikongbai 匹配度=0.312
2026-05-18 02:54:18,083 [INFO] [等待结果] panduandiaoyu 匹配度=0.242
2026-05-18 02:54:18,329 [INFO] [等待结果] dianjikongbai 匹配度=0.290
2026-05-18 02:54:18,330 [INFO] [等待结果] panduandiaoyu 匹配度=0.277
2026-05-18 02:54:18,565 [INFO] [等待结果] dianjikongbai 匹配度=0.333
2026-05-18 02:54:18,567 [INFO] [等待结果] panduandiaoyu 匹配度=0.268
2026-05-18 02:54:18,948 [INFO] [等待结果] dianjikongbai 匹配度=0.324
2026-05-18 02:54:18,949 [INFO] [等待结果] panduandiaoyu 匹配度=0.217
2026-05-18 02:54:19,179 [INFO] [等待结果] dianjikongbai 匹配度=0.311
2026-05-18 02:54:19,181 [INFO] [等待结果] panduandiaoyu 匹配度=0.268
2026-05-18 02:54:19,408 [INFO] [等待结果] dianjikongbai 匹配度=0.320
2026-05-18 02:54:19,409 [INFO] [等待结果] panduandiaoyu 匹配度=0.278
2026-05-18 02:54:19,627 [INFO] [等待结果] dianjikongbai 匹配度=0.321
2026-05-18 02:54:19,629 [INFO] [等待结果] panduandiaoyu 匹配度=0.277
2026-05-18 02:54:19,857 [INFO] [等待结果] dianjikongbai 匹配度=0.317
2026-05-18 02:54:19,861 [INFO] [等待结果] panduandiaoyu 匹配度=0.273
2026-05-18 02:54:20,077 [INFO] [等待结果] dianjikongbai 匹配度=0.328
2026-05-18 02:54:20,078 [INFO] [等待结果] panduandiaoyu 匹配度=0.210
2026-05-18 02:54:20,303 [INFO] [等待结果] dianjikongbai 匹配度=0.330
2026-05-18 02:54:20,304 [INFO] [等待结果] panduandiaoyu 匹配度=0.264
2026-05-18 02:54:20,543 [INFO] [等待结果] dianjikongbai 匹配度=0.327
2026-05-18 02:54:20,545 [INFO] [等待结果] panduandiaoyu 匹配度=0.228
2026-05-18 02:54:20,760 [INFO] [等待结果] dianjikongbai 匹配度=0.328
2026-05-18 02:54:20,761 [INFO] [等待结果] panduandiaoyu 匹配度=0.265
2026-05-18 02:54:20,997 [INFO] [等待结果] dianjikongbai 匹配度=0.316
2026-05-18 02:54:20,998 [INFO] [等待结果] panduandiaoyu 匹配度=0.353
2026-05-18 02:54:21,221 [INFO] [等待结果] dianjikongbai 匹配度=0.329
2026-05-18 02:54:21,222 [INFO] [等待结果] panduandiaoyu 匹配度=0.403
2026-05-18 02:54:21,448 [INFO] [等待结果] dianjikongbai 匹配度=0.328
2026-05-18 02:54:21,449 [INFO] [等待结果] panduandiaoyu 匹配度=0.340
2026-05-18 02:54:21,659 [INFO] [等待结果] dianjikongbai 匹配度=0.318
2026-05-18 02:54:21,660 [INFO] [等待结果] panduandiaoyu 匹配度=0.194
2026-05-18 02:54:21,884 [INFO] [等待结果] dianjikongbai 匹配度=0.307
2026-05-18 02:54:21,889 [INFO] [等待结果] panduandiaoyu 匹配度=0.201
2026-05-18 02:54:22,104 [INFO] [等待结果] dianjikongbai 匹配度=0.236
2026-05-18 02:54:22,110 [INFO] [等待结果] panduandiaoyu 匹配度=0.227
2026-05-18 02:54:22,324 [INFO] [等待结果] dianjikongbai 匹配度=0.290
2026-05-18 02:54:22,325 [INFO] [等待结果] panduandiaoyu 匹配度=0.215
2026-05-18 02:54:22,552 [INFO] [等待结果] dianjikongbai 匹配度=0.295
2026-05-18 02:54:22,554 [INFO] [等待结果] panduandiaoyu 匹配度=0.265
2026-05-18 02:54:22,808 [INFO] [等待结果] dianjikongbai 匹配度=0.246
2026-05-18 02:54:22,809 [INFO] [等待结果] panduandiaoyu 匹配度=0.222
2026-05-18 02:54:23,019 [INFO] [等待结果] dianjikongbai 匹配度=0.218
2026-05-18 02:54:23,021 [INFO] [等待结果] panduandiaoyu 匹配度=0.247
2026-05-18 02:54:23,254 [INFO] [等待结果] dianjikongbai 匹配度=0.219
2026-05-18 02:54:23,256 [INFO] [等待结果] panduandiaoyu 匹配度=0.235
2026-05-18 02:54:23,492 [INFO] [等待结果] dianjikongbai 匹配度=0.247
2026-05-18 02:54:23,493 [INFO] [等待结果] panduandiaoyu 匹配度=0.317
2026-05-18 02:54:23,706 [INFO] [等待结果] dianjikongbai 匹配度=0.277
2026-05-18 02:54:23,707 [INFO] [等待结果] panduandiaoyu 匹配度=0.339
2026-05-18 02:54:23,920 [INFO] [等待结果] dianjikongbai 匹配度=0.247
2026-05-18 02:54:23,922 [INFO] [等待结果] panduandiaoyu 匹配度=0.303
2026-05-18 02:54:24,144 [INFO] [等待结果] dianjikongbai 匹配度=0.501
2026-05-18 02:54:24,145 [INFO] [等待结果] panduandiaoyu 匹配度=0.316
2026-05-18 02:54:24,426 [INFO] [鱼获识别] fish_gone 匹配度=0.033
2026-05-18 02:54:24,427 [INFO] [鱼获识别] rank_s 匹配度=0.510
2026-05-18 02:54:24,428 [INFO] [鱼获识别] rank_a 匹配度=0.999
2026-05-18 02:54:24,429 [INFO] [鱼获识别] rank_b 匹配度=0.554
2026-05-18 02:54:24,429 [INFO] 钓起A级鱼
2026-05-18 02:54:24,429 [INFO] 钓鱼成功，后台按 ESC
2026-05-18 02:54:25,999 [INFO] 开始监测图像...
2026-05-18 02:54:26,048 [INFO] 当前在钓鱼界面全速后台钓鱼
2026-05-18 02:54:26,101 [INFO] 检测到鱼钩，开始持续按F
2026-05-18 02:54:32,221 [INFO] 检测到结束图标，停止按F
2026-05-18 02:54:32,222 [INFO] 启动跟随
2026-05-18 02:54:32,275 [INFO] 等待结果...
2026-05-18 02:54:32,381 [INFO] [等待结果] dianjikongbai 匹配度=0.333
2026-05-18 02:54:32,385 [INFO] [等待结果] panduandiaoyu 匹配度=0.380
2026-05-18 02:54:32,626 [INFO] [等待结果] dianjikongbai 匹配度=0.358
2026-05-18 02:54:32,626 [INFO] [等待结果] panduandiaoyu 匹配度=0.382
2026-05-18 02:54:32,862 [INFO] [等待结果] dianjikongbai 匹配度=0.347
2026-05-18 02:54:32,863 [INFO] [等待结果] panduandiaoyu 匹配度=0.474
2026-05-18 02:54:33,095 [INFO] [等待结果] dianjikongbai 匹配度=0.351
2026-05-18 02:54:33,097 [INFO] [等待结果] panduandiaoyu 匹配度=0.505
2026-05-18 02:54:33,310 [INFO] [等待结果] dianjikongbai 匹配度=0.171
2026-05-18 02:54:33,311 [INFO] [等待结果] panduandiaoyu 匹配度=0.431
2026-05-18 02:54:33,540 [INFO] [等待结果] dianjikongbai 匹配度=0.204
2026-05-18 02:54:33,546 [INFO] [等待结果] panduandiaoyu 匹配度=0.554
2026-05-18 02:54:33,785 [INFO] [等待结果] dianjikongbai 匹配度=0.301
2026-05-18 02:54:33,789 [INFO] [等待结果] panduandiaoyu 匹配度=0.290
2026-05-18 02:54:34,033 [INFO] [等待结果] dianjikongbai 匹配度=0.350
2026-05-18 02:54:34,034 [INFO] [等待结果] panduandiaoyu 匹配度=0.287
2026-05-18 02:54:34,265 [INFO] [等待结果] dianjikongbai 匹配度=0.356
2026-05-18 02:54:34,267 [INFO] [等待结果] panduandiaoyu 匹配度=0.270
2026-05-18 02:54:34,498 [INFO] [等待结果] dianjikongbai 匹配度=0.351
2026-05-18 02:54:34,500 [INFO] [等待结果] panduandiaoyu 匹配度=0.279
2026-05-18 02:54:34,737 [INFO] [等待结果] dianjikongbai 匹配度=0.342
2026-05-18 02:54:34,738 [INFO] [等待结果] panduandiaoyu 匹配度=0.292
2026-05-18 02:54:34,964 [INFO] [等待结果] dianjikongbai 匹配度=0.334
2026-05-18 02:54:34,966 [INFO] [等待结果] panduandiaoyu 匹配度=0.351
2026-05-18 02:54:35,190 [INFO] [等待结果] dianjikongbai 匹配度=0.349
2026-05-18 02:54:35,192 [INFO] [等待结果] panduandiaoyu 匹配度=0.513
2026-05-18 02:54:35,426 [INFO] [等待结果] dianjikongbai 匹配度=0.321
2026-05-18 02:54:35,427 [INFO] [等待结果] panduandiaoyu 匹配度=0.364
2026-05-18 02:54:35,661 [INFO] [等待结果] dianjikongbai 匹配度=0.323
2026-05-18 02:54:35,662 [INFO] [等待结果] panduandiaoyu 匹配度=0.441
2026-05-18 02:54:35,898 [INFO] [等待结果] dianjikongbai 匹配度=0.339
2026-05-18 02:54:35,900 [INFO] [等待结果] panduandiaoyu 匹配度=0.339
2026-05-18 02:54:36,150 [INFO] [等待结果] dianjikongbai 匹配度=0.301
2026-05-18 02:54:36,152 [INFO] [等待结果] panduandiaoyu 匹配度=0.388
2026-05-18 02:54:36,386 [INFO] [等待结果] dianjikongbai 匹配度=0.182
2026-05-18 02:54:36,388 [INFO] [等待结果] panduandiaoyu 匹配度=0.624
2026-05-18 02:54:36,615 [INFO] [等待结果] dianjikongbai 匹配度=0.184
2026-05-18 02:54:36,618 [INFO] [等待结果] panduandiaoyu 匹配度=0.279
2026-05-18 02:54:36,852 [INFO] [等待结果] dianjikongbai 匹配度=0.354
2026-05-18 02:54:36,854 [INFO] [等待结果] panduandiaoyu 匹配度=0.344
2026-05-18 02:54:37,076 [INFO] [等待结果] dianjikongbai 匹配度=0.332
2026-05-18 02:54:37,078 [INFO] [等待结果] panduandiaoyu 匹配度=0.295
2026-05-18 02:54:37,294 [INFO] [等待结果] dianjikongbai 匹配度=0.334
2026-05-18 02:54:37,295 [INFO] [等待结果] panduandiaoyu 匹配度=0.257
2026-05-18 02:54:37,533 [INFO] [等待结果] dianjikongbai 匹配度=0.318
2026-05-18 02:54:37,535 [INFO] [等待结果] panduandiaoyu 匹配度=0.282
2026-05-18 02:54:37,763 [INFO] [等待结果] dianjikongbai 匹配度=0.332
2026-05-18 02:54:37,763 [INFO] [等待结果] panduandiaoyu 匹配度=0.405
2026-05-18 02:54:37,993 [INFO] [等待结果] dianjikongbai 匹配度=0.354
2026-05-18 02:54:38,370 [INFO] [等待结果] dianjikongbai 匹配度=0.248
2026-05-18 02:54:38,372 [INFO] [等待结果] panduandiaoyu 匹配度=0.263
2026-05-18 02:54:38,598 [INFO] [等待结果] dianjikongbai 匹配度=0.231
2026-05-18 02:54:38,600 [INFO] [等待结果] panduandiaoyu 匹配度=0.249
2026-05-18 02:54:38,832 [INFO] [等待结果] dianjikongbai 匹配度=0.271
2026-05-18 02:54:38,834 [INFO] [等待结果] panduandiaoyu 匹配度=0.268
2026-05-18 02:54:39,066 [INFO] [等待结果] dianjikongbai 匹配度=0.304
2026-05-18 02:54:39,067 [INFO] [等待结果] panduandiaoyu 匹配度=0.232
2026-05-18 02:54:39,300 [INFO] [等待结果] dianjikongbai 匹配度=0.244
2026-05-18 02:54:39,302 [INFO] [等待结果] panduandiaoyu 匹配度=0.276
2026-05-18 02:54:39,535 [INFO] [等待结果] dianjikongbai 匹配度=0.229
2026-05-18 02:54:39,536 [INFO] [等待结果] panduandiaoyu 匹配度=0.238
2026-05-18 02:54:39,773 [INFO] [等待结果] dianjikongbai 匹配度=0.214
2026-05-18 02:54:39,774 [INFO] [等待结果] panduandiaoyu 匹配度=0.316
2026-05-18 02:54:39,988 [INFO] [等待结果] dianjikongbai 匹配度=0.245
2026-05-18 02:54:39,990 [INFO] [等待结果] panduandiaoyu 匹配度=0.317
2026-05-18 02:54:40,226 [INFO] [等待结果] dianjikongbai 匹配度=0.693
2026-05-18 02:54:40,229 [INFO] [等待结果] panduandiaoyu 匹配度=0.317
2026-05-18 02:54:40,493 [INFO] [鱼获识别] fish_gone 匹配度=0.057
2026-05-18 02:54:40,494 [INFO] [鱼获识别] rank_s 匹配度=0.517
2026-05-18 02:54:40,495 [INFO] [鱼获识别] rank_a 匹配度=0.998
2026-05-18 02:54:40,497 [INFO] [鱼获识别] rank_b 匹配度=0.559
2026-05-18 02:54:40,497 [INFO] 钓起A级鱼
2026-05-18 02:54:40,498 [INFO] 钓鱼成功，后台按 ESC
2026-05-18 02:54:42,069 [INFO] 开始监测图像...
2026-05-18 02:54:42,143 [INFO] 当前在钓鱼界面全速后台钓鱼
2026-05-18 02:54:42,209 [INFO] 检测到鱼钩，开始持续按F
2026-05-18 02:54:48,732 [INFO] 检测到结束图标，停止按F
2026-05-18 02:54:48,732 [INFO] 启动跟随
2026-05-18 02:54:48,734 [INFO] 等待结果...
2026-05-18 02:54:48,822 [INFO] [等待结果] dianjikongbai 匹配度=0.306
2026-05-18 02:54:48,823 [INFO] [等待结果] panduandiaoyu 匹配度=0.143
2026-05-18 02:54:49,059 [INFO] [等待结果] dianjikongbai 匹配度=0.205
2026-05-18 02:54:49,059 [INFO] [等待结果] panduandiaoyu 匹配度=0.272
2026-05-18 02:54:49,273 [INFO] [等待结果] dianjikongbai 匹配度=0.353
2026-05-18 02:54:49,274 [INFO] [等待结果] panduandiaoyu 匹配度=0.460
2026-05-18 02:54:49,486 [INFO] [等待结果] dianjikongbai 匹配度=0.348
2026-05-18 02:54:49,487 [INFO] [等待结果] panduandiaoyu 匹配度=0.405
2026-05-18 02:54:49,710 [INFO] [等待结果] dianjikongbai 匹配度=0.368
2026-05-18 02:54:49,712 [INFO] [等待结果] panduandiaoyu 匹配度=0.562
2026-05-18 02:54:49,949 [INFO] [等待结果] dianjikongbai 匹配度=0.361
2026-05-18 02:54:49,951 [INFO] [等待结果] panduandiaoyu 匹配度=0.607
2026-05-18 02:54:50,161 [INFO] [等待结果] dianjikongbai 匹配度=0.170
2026-05-18 02:54:50,164 [INFO] [等待结果] panduandiaoyu 匹配度=0.595
2026-05-18 02:54:50,378 [INFO] [等待结果] dianjikongbai 匹配度=0.176
2026-05-18 02:54:50,379 [INFO] [等待结果] panduandiaoyu 匹配度=0.499
2026-05-18 02:54:50,589 [INFO] [等待结果] dianjikongbai 匹配度=0.167
2026-05-18 02:54:50,590 [INFO] [等待结果] panduandiaoyu 匹配度=0.490
2026-05-18 02:54:50,822 [INFO] [等待结果] dianjikongbai 匹配度=0.174
2026-05-18 02:54:50,824 [INFO] [等待结果] panduandiaoyu 匹配度=0.483
2026-05-18 02:54:51,054 [INFO] [等待结果] dianjikongbai 匹配度=0.176
2026-05-18 02:54:51,055 [INFO] [等待结果] panduandiaoyu 匹配度=0.453
2026-05-18 02:54:51,280 [INFO] [等待结果] dianjikongbai 匹配度=0.192
2026-05-18 02:54:51,281 [INFO] [等待结果] panduandiaoyu 匹配度=0.131
2026-05-18 02:54:51,516 [INFO] [等待结果] dianjikongbai 匹配度=0.184
2026-05-18 02:54:51,517 [INFO] [等待结果] panduandiaoyu 匹配度=0.127
2026-05-18 02:54:51,745 [INFO] [等待结果] dianjikongbai 匹配度=0.259
2026-05-18 02:54:51,746 [INFO] [等待结果] panduandiaoyu 匹配度=0.222
2026-05-18 02:54:51,956 [INFO] [等待结果] dianjikongbai 匹配度=0.264
2026-05-18 02:54:51,958 [INFO] [等待结果] panduandiaoyu 匹配度=0.124
2026-05-18 02:54:52,175 [INFO] [等待结果] dianjikongbai 匹配度=0.268
2026-05-18 02:54:52,176 [INFO] [等待结果] panduandiaoyu 匹配度=0.155
2026-05-18 02:54:52,397 [INFO] [等待结果] dianjikongbai 匹配度=0.266
2026-05-18 02:54:52,398 [INFO] [等待结果] panduandiaoyu 匹配度=0.134
2026-05-18 02:54:52,614 [INFO] [等待结果] dianjikongbai 匹配度=0.268
2026-05-18 02:54:52,614 [INFO] [等待结果] panduandiaoyu 匹配度=0.137
2026-05-18 02:54:52,834 [INFO] [等待结果] dianjikongbai 匹配度=0.267
2026-05-18 02:54:52,835 [INFO] [等待结果] panduandiaoyu 匹配度=0.196
2026-05-18 02:54:53,057 [INFO] [等待结果] dianjikongbai 匹配度=0.264
2026-05-18 02:54:53,058 [INFO] [等待结果] panduandiaoyu 匹配度=0.176
2026-05-18 02:54:53,287 [INFO] [等待结果] dianjikongbai 匹配度=0.290
2026-05-18 02:54:53,289 [INFO] [等待结果] panduandiaoyu 匹配度=0.366
2026-05-18 02:54:53,505 [INFO] [等待结果] dianjikongbai 匹配度=0.284
2026-05-18 02:54:53,507 [INFO] [等待结果] panduandiaoyu 匹配度=0.289
2026-05-18 02:54:53,725 [INFO] [等待结果] dianjikongbai 匹配度=0.284
2026-05-18 02:54:53,728 [INFO] [等待结果] panduandiaoyu 匹配度=0.354
2026-05-18 02:54:53,956 [INFO] [等待结果] dianjikongbai 匹配度=0.254
2026-05-18 02:54:53,957 [INFO] [等待结果] panduandiaoyu 匹配度=0.346
2026-05-18 02:54:54,188 [INFO] [等待结果] dianjikongbai 匹配度=0.197
2026-05-18 02:54:54,190 [INFO] [等待结果] panduandiaoyu 匹配度=0.278
2026-05-18 02:54:54,403 [INFO] [等待结果] dianjikongbai 匹配度=0.258
2026-05-18 02:54:54,404 [INFO] [等待结果] panduandiaoyu 匹配度=0.309
2026-05-18 02:54:54,629 [INFO] [等待结果] dianjikongbai 匹配度=0.227
2026-05-18 02:54:54,631 [INFO] [等待结果] panduandiaoyu 匹配度=0.341
2026-05-18 02:54:54,853 [INFO] [等待结果] dianjikongbai 匹配度=0.237
2026-05-18 02:54:54,854 [INFO] [等待结果] panduandiaoyu 匹配度=0.202
2026-05-18 02:54:55,098 [INFO] [等待结果] dianjikongbai 匹配度=0.284
2026-05-18 02:54:55,099 [INFO] [等待结果] panduandiaoyu 匹配度=0.290
2026-05-18 02:54:55,307 [INFO] [等待结果] dianjikongbai 匹配度=0.264
2026-05-18 02:54:55,308 [INFO] [等待结果] panduandiaoyu 匹配度=0.270
2026-05-18 02:54:55,517 [INFO] [等待结果] dianjikongbai 匹配度=0.250
2026-05-18 02:54:55,519 [INFO] [等待结果] panduandiaoyu 匹配度=0.266
2026-05-18 02:54:55,744 [INFO] [等待结果] dianjikongbai 匹配度=0.242
2026-05-18 02:54:55,745 [INFO] [等待结果] panduandiaoyu 匹配度=0.379
2026-05-18 02:54:55,970 [INFO] [等待结果] dianjikongbai 匹配度=0.543
2026-05-18 02:54:55,972 [INFO] [等待结果] panduandiaoyu 匹配度=0.247
2026-05-18 02:54:56,329 [INFO] [鱼获识别] fish_gone 匹配度=0.085
2026-05-18 02:54:56,330 [INFO] [鱼获识别] rank_s 匹配度=0.581
2026-05-18 02:54:56,331 [INFO] [鱼获识别] rank_a 匹配度=0.444
2026-05-18 02:54:56,332 [INFO] [鱼获识别] rank_b 匹配度=0.970
2026-05-18 02:54:56,333 [INFO] 钓起B级鱼
2026-05-18 02:54:56,333 [INFO] 钓鱼成功，后台按 ESC
2026-05-18 02:54:57,904 [INFO] 开始监测图像...
2026-05-18 02:54:57,967 [INFO] 当前在钓鱼界面全速后台钓鱼
2026-05-18 02:54:58,031 [INFO] 检测到鱼钩，开始持续按F
2026-05-18 02:55:05,113 [INFO] 检测到结束图标，停止按F
2026-05-18 02:55:05,113 [INFO] 启动跟随
2026-05-18 02:55:05,120 [INFO] 等待结果...
2026-05-18 02:55:05,201 [INFO] [等待结果] dianjikongbai 匹配度=0.337
2026-05-18 02:55:05,201 [INFO] [等待结果] panduandiaoyu 匹配度=0.522
2026-05-18 02:55:05,450 [INFO] [等待结果] dianjikongbai 匹配度=0.329
2026-05-18 02:55:05,451 [INFO] [等待结果] panduandiaoyu 匹配度=0.279
2026-05-18 02:55:05,693 [INFO] [等待结果] dianjikongbai 匹配度=0.323
2026-05-18 02:55:05,695 [INFO] [等待结果] panduandiaoyu 匹配度=0.277
2026-05-18 02:55:05,913 [INFO] [等待结果] dianjikongbai 匹配度=0.295
2026-05-18 02:55:05,914 [INFO] [等待结果] panduandiaoyu 匹配度=0.309
2026-05-18 02:55:06,148 [INFO] [等待结果] dianjikongbai 匹配度=0.317
2026-05-18 02:55:06,150 [INFO] [等待结果] panduandiaoyu 匹配度=0.388
2026-05-18 02:55:06,358 [INFO] [等待结果] dianjikongbai 匹配度=0.340
2026-05-18 02:55:06,359 [INFO] [等待结果] panduandiaoyu 匹配度=0.309
2026-05-18 02:55:06,578 [INFO] [等待结果] dianjikongbai 匹配度=0.337
2026-05-18 02:55:06,579 [INFO] [等待结果] panduandiaoyu 匹配度=0.362
2026-05-18 02:55:06,812 [INFO] [等待结果] dianjikongbai 匹配度=0.343
2026-05-18 02:55:06,813 [INFO] [等待结果] panduandiaoyu 匹配度=0.202
2026-05-18 02:55:07,031 [INFO] [等待结果] dianjikongbai 匹配度=0.326
2026-05-18 02:55:07,033 [INFO] [等待结果] panduandiaoyu 匹配度=0.330
2026-05-18 02:55:07,268 [INFO] [等待结果] dianjikongbai 匹配度=0.325
2026-05-18 02:55:07,271 [INFO] [等待结果] panduandiaoyu 匹配度=0.378
2026-05-18 02:55:07,504 [INFO] [等待结果] dianjikongbai 匹配度=0.335
2026-05-18 02:55:07,505 [INFO] [等待结果] panduandiaoyu 匹配度=0.259
2026-05-18 02:55:07,744 [INFO] [等待结果] dianjikongbai 匹配度=0.340
2026-05-18 02:55:07,745 [INFO] [等待结果] panduandiaoyu 匹配度=0.171
2026-05-18 02:55:07,981 [INFO] [等待结果] dianjikongbai 匹配度=0.323
2026-05-18 02:55:07,982 [INFO] [等待结果] panduandiaoyu 匹配度=0.353
2026-05-18 02:55:08,222 [INFO] [等待结果] dianjikongbai 匹配度=0.326
2026-05-18 02:55:08,224 [INFO] [等待结果] panduandiaoyu 匹配度=0.349
2026-05-18 02:55:08,435 [INFO] [等待结果] dianjikongbai 匹配度=0.327
2026-05-18 02:55:08,439 [INFO] [等待结果] panduandiaoyu 匹配度=0.317
2026-05-18 02:55:08,666 [INFO] [等待结果] dianjikongbai 匹配度=0.328
2026-05-18 02:55:08,668 [INFO] [等待结果] panduandiaoyu 匹配度=0.296
2026-05-18 02:55:08,894 [INFO] [等待结果] dianjikongbai 匹配度=0.325
2026-05-18 02:55:08,895 [INFO] [等待结果] panduandiaoyu 匹配度=0.193
2026-05-18 02:55:09,117 [INFO] [等待结果] dianjikongbai 匹配度=0.315
2026-05-18 02:55:09,118 [INFO] [等待结果] panduandiaoyu 匹配度=0.199
2026-05-18 02:55:09,357 [INFO] [等待结果] dianjikongbai 匹配度=0.291
2026-05-18 02:55:09,359 [INFO] [等待结果] panduandiaoyu 匹配度=0.202
2026-05-18 02:55:09,591 [INFO] [等待结果] dianjikongbai 匹配度=0.325
2026-05-18 02:55:09,592 [INFO] [等待结果] panduandiaoyu 匹配度=0.112
2026-05-18 02:55:09,805 [INFO] [等待结果] dianjikongbai 匹配度=0.323
2026-05-18 02:55:09,806 [INFO] [等待结果] panduandiaoyu 匹配度=0.121
2026-05-18 02:55:10,024 [INFO] [等待结果] dianjikongbai 匹配度=0.333
2026-05-18 02:55:10,026 [INFO] [等待结果] panduandiaoyu 匹配度=0.121
2026-05-18 02:55:10,236 [INFO] [等待结果] dianjikongbai 匹配度=0.326
2026-05-18 02:55:10,238 [INFO] [等待结果] panduandiaoyu 匹配度=0.129
2026-05-18 02:55:10,470 [INFO] [等待结果] dianjikongbai 匹配度=0.328
2026-05-18 02:55:10,474 [INFO] [等待结果] panduandiaoyu 匹配度=0.171
2026-05-18 02:55:10,695 [INFO] [等待结果] dianjikongbai 匹配度=0.327
2026-05-18 02:55:10,695 [INFO] [等待结果] panduandiaoyu 匹配度=0.131
2026-05-18 02:55:10,926 [INFO] [等待结果] dianjikongbai 匹配度=0.333
2026-05-18 02:55:10,927 [INFO] [等待结果] panduandiaoyu 匹配度=0.154
2026-05-18 02:55:11,137 [INFO] [等待结果] dianjikongbai 匹配度=0.332
2026-05-18 02:55:11,138 [INFO] [等待结果] panduandiaoyu 匹配度=0.104
2026-05-18 02:55:11,350 [INFO] [等待结果] dianjikongbai 匹配度=0.334
2026-05-18 02:55:11,351 [INFO] [等待结果] panduandiaoyu 匹配度=0.117
2026-05-18 02:55:11,564 [INFO] [等待结果] dianjikongbai 匹配度=0.340
2026-05-18 02:55:11,564 [INFO] [等待结果] panduandiaoyu 匹配度=0.094
2026-05-18 02:55:11,772 [INFO] [等待结果] dianjikongbai 匹配度=0.343
2026-05-18 02:55:11,774 [INFO] [等待结果] panduandiaoyu 匹配度=0.171
2026-05-18 02:55:12,014 [INFO] [等待结果] dianjikongbai 匹配度=0.341
2026-05-18 02:55:12,015 [INFO] [等待结果] panduandiaoyu 匹配度=0.130
2026-05-18 02:55:12,228 [INFO] [等待结果] dianjikongbai 匹配度=0.316
2026-05-18 02:55:12,229 [INFO] [等待结果] panduandiaoyu 匹配度=0.179
2026-05-18 02:55:12,485 [INFO] [等待结果] dianjikongbai 匹配度=0.319
2026-05-18 02:55:12,487 [INFO] [等待结果] panduandiaoyu 匹配度=0.178
2026-05-18 02:55:12,715 [INFO] [等待结果] dianjikongbai 匹配度=0.326
2026-05-18 02:55:12,717 [INFO] [等待结果] panduandiaoyu 匹配度=0.186
2026-05-18 02:55:12,931 [INFO] [等待结果] dianjikongbai 匹配度=0.342
2026-05-18 02:55:12,934 [INFO] [等待结果] panduandiaoyu 匹配度=0.176
2026-05-18 02:55:13,167 [INFO] [等待结果] dianjikongbai 匹配度=0.323
2026-05-18 02:55:13,168 [INFO] [等待结果] panduandiaoyu 匹配度=0.198
2026-05-18 02:55:13,401 [INFO] [等待结果] dianjikongbai 匹配度=0.321
2026-05-18 02:55:13,404 [INFO] [等待结果] panduandiaoyu 匹配度=0.186
2026-05-18 02:55:13,627 [INFO] [等待结果] dianjikongbai 匹配度=0.316
2026-05-18 02:55:13,628 [INFO] [等待结果] panduandiaoyu 匹配度=0.184
2026-05-18 02:55:13,842 [INFO] [等待结果] dianjikongbai 匹配度=0.341
2026-05-18 02:55:13,843 [INFO] [等待结果] panduandiaoyu 匹配度=0.114
2026-05-18 02:55:14,063 [INFO] [等待结果] dianjikongbai 匹配度=0.336
2026-05-18 02:55:14,064 [INFO] [等待结果] panduandiaoyu 匹配度=0.120
2026-05-18 02:55:14,285 [INFO] [等待结果] dianjikongbai 匹配度=0.344
2026-05-18 02:55:14,286 [INFO] [等待结果] panduandiaoyu 匹配度=0.104
2026-05-18 02:55:14,508 [INFO] [等待结果] dianjikongbai 匹配度=0.344
2026-05-18 02:55:14,510 [INFO] [等待结果] panduandiaoyu 匹配度=0.113
2026-05-18 02:55:14,734 [INFO] [等待结果] dianjikongbai 匹配度=0.335
2026-05-18 02:55:14,735 [INFO] [等待结果] panduandiaoyu 匹配度=0.123
2026-05-18 02:55:14,953 [INFO] [等待结果] dianjikongbai 匹配度=0.262
2026-05-18 02:55:14,956 [INFO] [等待结果] panduandiaoyu 匹配度=0.269
2026-05-18 02:55:15,191 [INFO] [等待结果] dianjikongbai 匹配度=0.318
2026-05-18 02:55:15,192 [INFO] [等待结果] panduandiaoyu 匹配度=0.361
2026-05-18 02:55:15,430 [INFO] [等待结果] dianjikongbai 匹配度=0.255
2026-05-18 02:55:15,432 [INFO] [等待结果] panduandiaoyu 匹配度=0.283
2026-05-18 02:55:15,666 [INFO] [等待结果] dianjikongbai 匹配度=0.247
2026-05-18 02:55:15,667 [INFO] [等待结果] panduandiaoyu 匹配度=0.277
2026-05-18 02:55:15,884 [INFO] [等待结果] dianjikongbai 匹配度=0.366
2026-05-18 02:55:15,885 [INFO] [等待结果] panduandiaoyu 匹配度=0.277
2026-05-18 02:55:16,115 [INFO] [等待结果] dianjikongbai 匹配度=0.271
2026-05-18 02:55:16,116 [INFO] [等待结果] panduandiaoyu 匹配度=0.277
2026-05-18 02:55:16,373 [INFO] [等待结果] dianjikongbai 匹配度=0.225
2026-05-18 02:55:16,375 [INFO] [等待结果] panduandiaoyu 匹配度=0.342
2026-05-18 02:55:16,636 [INFO] [等待结果] dianjikongbai 匹配度=0.260
2026-05-18 02:55:16,641 [INFO] [等待结果] panduandiaoyu 匹配度=0.269
2026-05-18 02:55:16,876 [INFO] [等待结果] dianjikongbai 匹配度=0.241
2026-05-18 02:55:16,878 [INFO] [等待结果] panduandiaoyu 匹配度=0.253
2026-05-18 02:55:17,097 [INFO] [等待结果] dianjikongbai 匹配度=0.589
2026-05-18 02:55:17,098 [INFO] [等待结果] panduandiaoyu 匹配度=0.291
2026-05-18 02:55:17,360 [INFO] [鱼获识别] fish_gone 匹配度=0.076
2026-05-18 02:55:17,361 [INFO] [鱼获识别] rank_s 匹配度=0.520
2026-05-18 02:55:17,361 [INFO] [鱼获识别] rank_a 匹配度=0.991
2026-05-18 02:55:17,362 [INFO] [鱼获识别] rank_b 匹配度=0.557
2026-05-18 02:55:17,363 [INFO] 钓起A级鱼
2026-05-18 02:55:17,363 [INFO] 钓鱼成功，后台按 ESC
2026-05-18 02:55:18,932 [INFO] 开始监测图像...
2026-05-18 02:55:18,982 [INFO] 当前在钓鱼界面全速后台钓鱼
2026-05-18 02:55:19,043 [INFO] 检测到鱼钩，开始持续按F
2026-05-18 02:55:24,967 [INFO] 检测到结束图标，停止按F
2026-05-18 02:55:24,967 [INFO] 启动跟随
2026-05-18 02:55:24,969 [INFO] 等待结果...
2026-05-18 02:55:25,060 [INFO] [等待结果] dianjikongbai 匹配度=0.333
2026-05-18 02:55:25,061 [INFO] [等待结果] panduandiaoyu 匹配度=0.133
2026-05-18 02:55:25,286 [INFO] [等待结果] dianjikongbai 匹配度=0.364
2026-05-18 02:55:25,287 [INFO] [等待结果] panduandiaoyu 匹配度=0.116
2026-05-18 02:55:25,511 [INFO] [等待结果] dianjikongbai 匹配度=0.373
2026-05-18 02:55:25,511 [INFO] [等待结果] panduandiaoyu 匹配度=0.137
2026-05-18 02:55:25,744 [INFO] [等待结果] dianjikongbai 匹配度=0.379
2026-05-18 02:55:25,746 [INFO] [等待结果] panduandiaoyu 匹配度=0.123
2026-05-18 02:55:25,978 [INFO] [等待结果] dianjikongbai 匹配度=0.175
2026-05-18 02:55:25,979 [INFO] [等待结果] panduandiaoyu 匹配度=0.136
2026-05-18 02:55:26,193 [INFO] [等待结果] dianjikongbai 匹配度=0.187
2026-05-18 02:55:26,195 [INFO] [等待结果] panduandiaoyu 匹配度=0.147
2026-05-18 02:55:26,415 [INFO] [等待结果] dianjikongbai 匹配度=0.168
2026-05-18 02:55:26,416 [INFO] [等待结果] panduandiaoyu 匹配度=0.107
2026-05-18 02:55:26,636 [INFO] [等待结果] dianjikongbai 匹配度=0.198
2026-05-18 02:55:26,638 [INFO] [等待结果] panduandiaoyu 匹配度=0.173
2026-05-18 02:55:26,851 [INFO] [等待结果] dianjikongbai 匹配度=0.173
2026-05-18 02:55:26,851 [INFO] [等待结果] panduandiaoyu 匹配度=0.134
2026-05-18 02:55:27,066 [INFO] [等待结果] dianjikongbai 匹配度=0.173
2026-05-18 02:55:27,067 [INFO] [等待结果] panduandiaoyu 匹配度=0.137
2026-05-18 02:55:27,271 [INFO] [等待结果] dianjikongbai 匹配度=0.154
2026-05-18 02:55:27,272 [INFO] [等待结果] panduandiaoyu 匹配度=0.149
2026-05-18 02:55:27,491 [INFO] [等待结果] dianjikongbai 匹配度=0.210
2026-05-18 02:55:27,492 [INFO] [等待结果] panduandiaoyu 匹配度=0.139
2026-05-18 02:55:27,706 [INFO] [等待结果] dianjikongbai 匹配度=0.160
2026-05-18 02:55:27,706 [INFO] [等待结果] panduandiaoyu 匹配度=0.138
2026-05-18 02:55:27,922 [INFO] [等待结果] dianjikongbai 匹配度=0.175
2026-05-18 02:55:27,922 [INFO] [等待结果] panduandiaoyu 匹配度=0.137
2026-05-18 02:55:28,140 [INFO] [等待结果] dianjikongbai 匹配度=0.156
2026-05-18 02:55:28,141 [INFO] [等待结果] panduandiaoyu 匹配度=0.153
2026-05-18 02:55:28,361 [INFO] [等待结果] dianjikongbai 匹配度=0.271
2026-05-18 02:55:28,362 [INFO] [等待结果] panduandiaoyu 匹配度=0.161
2026-05-18 02:55:28,578 [INFO] [等待结果] dianjikongbai 匹配度=0.297
2026-05-18 02:55:28,578 [INFO] [等待结果] panduandiaoyu 匹配度=0.147
2026-05-18 02:55:28,792 [INFO] [等待结果] dianjikongbai 匹配度=0.294
2026-05-18 02:55:28,793 [INFO] [等待结果] panduandiaoyu 匹配度=0.112
2026-05-18 02:55:29,020 [INFO] [等待结果] dianjikongbai 匹配度=0.283
2026-05-18 02:55:29,022 [INFO] [等待结果] panduandiaoyu 匹配度=0.136
2026-05-18 02:55:29,231 [INFO] [等待结果] dianjikongbai 匹配度=0.288
2026-05-18 02:55:29,232 [INFO] [等待结果] panduandiaoyu 匹配度=0.144
2026-05-18 02:55:29,458 [INFO] [等待结果] dianjikongbai 匹配度=0.281
2026-05-18 02:55:29,460 [INFO] [等待结果] panduandiaoyu 匹配度=0.275
2026-05-18 02:55:29,707 [INFO] [等待结果] dianjikongbai 匹配度=0.293
2026-05-18 02:55:30,085 [INFO] [等待结果] dianjikongbai 匹配度=0.198
2026-05-18 02:55:30,086 [INFO] [等待结果] panduandiaoyu 匹配度=0.251
2026-05-18 02:55:30,334 [INFO] [等待结果] dianjikongbai 匹配度=0.227
2026-05-18 02:55:30,335 [INFO] [等待结果] panduandiaoyu 匹配度=0.278
2026-05-18 02:55:30,563 [INFO] [等待结果] dianjikongbai 匹配度=0.221
2026-05-18 02:55:30,564 [INFO] [等待结果] panduandiaoyu 匹配度=0.332
2026-05-18 02:55:30,772 [INFO] [等待结果] dianjikongbai 匹配度=0.206
2026-05-18 02:55:30,773 [INFO] [等待结果] panduandiaoyu 匹配度=0.286
2026-05-18 02:55:31,009 [INFO] [等待结果] dianjikongbai 匹配度=0.270
2026-05-18 02:55:31,011 [INFO] [等待结果] panduandiaoyu 匹配度=0.327
2026-05-18 02:55:31,243 [INFO] [等待结果] dianjikongbai 匹配度=0.255
2026-05-18 02:55:31,244 [INFO] [等待结果] panduandiaoyu 匹配度=0.248
2026-05-18 02:55:31,472 [INFO] [等待结果] dianjikongbai 匹配度=0.263
2026-05-18 02:55:31,474 [INFO] [等待结果] panduandiaoyu 匹配度=0.224
2026-05-18 02:55:31,701 [INFO] [等待结果] dianjikongbai 匹配度=0.253
2026-05-18 02:55:31,702 [INFO] [等待结果] panduandiaoyu 匹配度=0.245
2026-05-18 02:55:32,043 [INFO] [鱼获识别] fish_gone 匹配度=-0.017
2026-05-18 02:55:32,044 [INFO] [鱼获识别] rank_s 匹配度=0.581
2026-05-18 02:55:32,045 [INFO] [鱼获识别] rank_a 匹配度=0.445
2026-05-18 02:55:32,046 [INFO] [鱼获识别] rank_b 匹配度=0.980
2026-05-18 02:55:32,047 [INFO] 钓起B级鱼
2026-05-18 02:55:32,048 [INFO] 钓鱼成功，后台按 ESC
2026-05-18 02:55:33,625 [INFO] 开始监测图像...
2026-05-18 02:55:33,681 [INFO] 当前在钓鱼界面全速后台钓鱼
2026-05-18 02:55:33,728 [INFO] 检测到鱼钩，开始持续按F
2026-05-18 02:56:51,391 [INFO] ============================================================
2026-05-18 02:56:51,391 [INFO] 📋 日志策略：本文件每天午夜自动切片，最多保留最近 7 天的日志，旧日志将自动删除。
2026-05-18 02:56:51,391 [INFO] ============================================================
2026-05-18 02:56:51,926 [INFO] 锁定窗口: 异环   (句柄: 1903656)
2026-05-18 02:56:53,182 [INFO] 已注册热键: fishing -> f1
2026-05-18 02:56:53,182 [INFO] 已注册热键: task -> alt+f2
2026-05-18 02:56:53,182 [INFO] 功能 macro 未设置快捷键，跳过注册
2026-05-18 02:56:53,183 [INFO] 功能 fortissimo 未设置快捷键，跳过注册
2026-05-18 02:56:53,183 [INFO] 功能 driving 未设置快捷键，跳过注册
2026-05-18 02:56:53,194 [INFO] 主窗口初始化完成
2026-05-18 02:56:53,515 [INFO] 程序启动完成
2026-05-18 02:56:55,015 [ERROR] 检查插件更新失败: HTTPSConnectionPool(host='api.github.com', port=443): Max retries exceeded with url: /repos/daoqi/MintNTE/releases/latest (Caused by SSLError(SSLCertVerificationError(1, '[SSL: CERTIFICATE_VERIFY_FAILED] certificate verify failed: unable to get local issuer certificate (_ssl.c:1007)')))
2026-05-18 02:56:58,309 [INFO] 热键按下: fishing
2026-05-18 02:56:58,311 [INFO] 热键触发: fishing
2026-05-18 02:56:58,311 [INFO] 钓鱼已开始
2026-05-18 02:56:58,313 [INFO] 开始循环钓鱼
2026-05-18 02:56:58,314 [INFO] 开始监测图像...
2026-05-18 02:56:58,400 [INFO] 当前在钓鱼界面全速后台钓鱼
2026-05-18 02:56:58,469 [INFO] 检测到鱼钩，开始持续按F
2026-05-18 02:56:59,826 [INFO] 已注册热键: fishing -> f1
2026-05-18 02:56:59,827 [INFO] 已注册热键: task -> alt+f2
2026-05-18 02:56:59,827 [INFO] 功能 macro 未设置快捷键，跳过注册
2026-05-18 02:56:59,827 [INFO] 功能 fortissimo 未设置快捷键，跳过注册
2026-05-18 02:56:59,827 [INFO] 功能 driving 未设置快捷键，跳过注册
2026-05-18 02:57:04,452 [INFO] 检测到结束图标，停止按F
2026-05-18 02:57:04,453 [INFO] 启动跟随
2026-05-18 02:57:04,458 [INFO] 等待结果...
2026-05-18 02:57:04,548 [INFO] [等待结果] dianjikongbai 匹配度=0.350
2026-05-18 02:57:04,548 [INFO] [等待结果] panduandiaoyu 匹配度=0.123
2026-05-18 02:57:04,729 [INFO] 热键按下: fishing
2026-05-18 02:57:04,744 [INFO] 热键触发: fishing
2026-05-18 02:57:04,768 [INFO] [等待结果] dianjikongbai 匹配度=0.349
2026-05-18 02:57:04,768 [INFO] [等待结果] panduandiaoyu 匹配度=0.159
2026-05-18 02:57:04,961 [INFO] 未知状态，退出本次钓鱼
2026-05-18 02:57:04,962 [INFO] 结束，共钓鱼 0 条 (A:0 B:0 S:0)
2026-05-18 02:57:04,963 [INFO] 钓鱼已停止
2026-05-18 02:57:08,047 [INFO] 热键按下: fishing
2026-05-18 02:57:08,048 [INFO] 热键触发: fishing
2026-05-18 02:57:08,049 [INFO] 钓鱼已开始
2026-05-18 02:57:08,050 [INFO] 开始循环钓鱼
2026-05-18 02:57:08,050 [INFO] 开始监测图像...
2026-05-18 02:57:11,052 [INFO] 监测中...
2026-05-18 02:57:14,130 [INFO] 监测中...
2026-05-18 02:57:15,249 [INFO] 开始钓鱼 (前台点击)
2026-05-18 02:57:16,566 [INFO] 开始钓鱼 (前台点击)
2026-05-18 02:57:16,856 [INFO] 热键按下: fishing
2026-05-18 02:57:16,857 [INFO] 热键触发: fishing
2026-05-18 02:57:17,808 [INFO] 启动跟随
2026-05-18 02:57:17,809 [INFO] 跟随功能已关闭
2026-05-18 02:57:17,809 [ERROR] 跟随启动失败，放弃本次钓鱼
2026-05-18 02:57:17,810 [INFO] 结束，共钓鱼 0 条 (A:0 B:0 S:0)
2026-05-18 02:57:17,810 [INFO] 钓鱼已停止
2026-05-18 02:57:21,596 [INFO] 热键按下: fishing
2026-05-18 02:57:21,596 [INFO] 热键触发: fishing
2026-05-18 02:57:21,597 [INFO] 钓鱼已开始
2026-05-18 02:57:21,597 [INFO] 开始循环钓鱼
2026-05-18 02:57:21,597 [INFO] 开始监测图像...
2026-05-18 02:57:21,667 [INFO] 开始钓鱼 (前台点击)
2026-05-18 02:57:23,003 [INFO] 开始钓鱼 (前台点击)
2026-05-18 02:57:24,308 [INFO] 开始钓鱼 (前台点击)
2026-05-18 02:57:25,614 [INFO] 当前在钓鱼界面全速后台钓鱼
2026-05-18 02:57:25,680 [INFO] 检测到鱼钩，开始持续按F
2026-05-18 02:57:31,779 [INFO] 启动跟随
2026-05-18 02:57:31,781 [INFO] 等待结果...
2026-05-18 02:57:31,836 [INFO] 未知状态，退出本次钓鱼
2026-05-18 02:57:31,837 [INFO] 结束，共钓鱼 0 条 (A:0 B:0 S:0)
2026-05-18 02:57:31,840 [INFO] 钓鱼已停止
